MPLINK 4.38, Linker
Linker Map File - Created Sun Mar 20 12:11:15 2011

                                 Section Info
                  Section       Type    Address   Location Size(Bytes)
                ---------  ---------  ---------  ---------  ---------
               _entry_scn       code   0x000000    program   0x000006
    HIGH_INTERRUPT_VECTOR       code   0x000008    program   0x000006
     LOW_INTERRUPT_VECTOR       code   0x000018    program   0x000006
    REMAPPED_RESET_VECTOR       code   0x000800    program   0x000006
REMAPPED_HIGH_INTERRUPT_VECTOR       code   0x000808    program   0x000006
REMAPPED_LOW_INTERRUPT_VECTOR       code   0x000818    program   0x000006
                   .cinit    romdata   0x00082a    program   0x00000e
       .code_usb_device.o       code   0x000838    program   0x001298
 .code_usb_function_cdc.o       code   0x001ad0    program   0x000468
             .code_main.o       code   0x001f38    program   0x00038c
.romdata_usb_descriptors.o    romdata   0x0022c4    program   0x0000c9
         .idata_c018i.o_i    romdata   0x00238d    program   0x000000
        .romdata___init.o    romdata   0x00238d    program   0x000000
    .idata_usb_device.o_i    romdata   0x00238d    program   0x000000
.romdata_usb_function_cdc.o    romdata   0x00238d    program   0x000000
          .romdata_main.o    romdata   0x00238d    program   0x000000
               _cinit_scn       code   0x00238e    program   0x00009e
  .code_usb_descriptors.o       code   0x00238e    program   0x000000
                   STRING       code   0x00242c    program   0x000034
                    .code       code   0x002460    program   0x000020
             _startup_scn       code   0x002480    program   0x00001c
             .stringtable    romdata   0x00249c    program   0x000015
         .romdata_c018i.o    romdata   0x0024b1    program   0x000000
.idata_usb_function_cdc.o_i    romdata   0x0024b1    program   0x000000
.idata_usb_descriptors.o_i    romdata   0x0024b1    program   0x000000
    .romdata_usb_device.o    romdata   0x0024b1    program   0x000000
        .idata___init.o_i    romdata   0x0024b1    program   0x000000
            .code_c018i.o       code   0x0024b2    program   0x000000
           .code___init.o       code   0x0024b2    program   0x000002
          .idata_main.o_i    romdata   0x0024b4    program   0x000002
                MATH_DATA      udata   0x000000       data   0x00000b
                 .tmpdata      udata   0x00000b       data   0x000003
            .udata_main.o      udata   0x000060       data   0x000085
.udata_usb_function_cdc.o      udata   0x0000e5       data   0x000019
            .idata_main.o      idata   0x0000fe       data   0x000002
      .udata_usb_device.o      udata   0x000100       data   0x00003a
           .udata_c018i.o      udata   0x00013a       data   0x00000a
          .idata___init.o      idata   0x000144       data   0x000000
          .udata___init.o      udata   0x000144       data   0x000000
      .idata_usb_device.o      idata   0x000144       data   0x000000
.idata_usb_function_cdc.o      idata   0x000144       data   0x000000
 .idata_usb_descriptors.o      idata   0x000144       data   0x000000
 .udata_usb_descriptors.o      udata   0x000144       data   0x000000
           .idata_c018i.o      idata   0x000144       data   0x000000
                   .stack      udata   0x000300       data   0x000100
                  USB_BDT      udata   0x000400       data   0x000050
            USB_VARIABLES      udata   0x000500       data   0x00008f
            SFR_UNBANKED0      udata   0x000f66       data   0x00009a



                              Program Memory Usage 
                               Start         End      
                           ---------   ---------      
                            0x000000    0x000005      
                            0x000008    0x00000d      
                            0x000018    0x00001d      
                            0x000800    0x000805      
                            0x000808    0x00080d      
                            0x000818    0x00081d      
                            0x00082a    0x00238c      
                            0x00238e    0x0024b0      
                            0x0024b2    0x0024b5      
            7342 out of 24856 program addresses used, program memory utilization is 29%



                              Symbols - Sorted by Name
                     Name    Address   Location    Storage File                     
                ---------  ---------  ---------  --------- ---------                
           BlinkUSBStatus   0x002146    program     extern D:\Projects\UBW\FW\HelloUSBWorld\main.c
                CDCInitEP   0x001b72    program     extern D:\Projects\UBW\FW\Microchip\USB\CDC Device Driver\usb_function_cdc.c
             CDCTxService   0x001de4    program     extern D:\Projects\UBW\FW\Microchip\USB\CDC Device Driver\usb_function_cdc.c
                 High_ISR   0x000008    program     extern D:\Projects\UBW\FW\HelloUSBWorld\main.c
         InitializeSystem   0x002000    program     static D:\Projects\UBW\FW\HelloUSBWorld\main.c
                  Low_ISR   0x000018    program     extern D:\Projects\UBW\FW\HelloUSBWorld\main.c
                ProcessIO   0x00201e    program     extern D:\Projects\UBW\FW\HelloUSBWorld\main.c
        Remapped_High_ISR   0x000808    program     extern D:\Projects\UBW\FW\HelloUSBWorld\main.c
         Remapped_Low_ISR   0x000818    program     extern D:\Projects\UBW\FW\HelloUSBWorld\main.c
       USBCBCheckOtherReq   0x002208    program     extern D:\Projects\UBW\FW\HelloUSBWorld\main.c
        USBCBErrorHandler   0x002206    program     extern D:\Projects\UBW\FW\HelloUSBWorld\main.c
              USBCBInitEP   0x00220e    program     extern D:\Projects\UBW\FW\HelloUSBWorld\main.c
          USBCBSendResume   0x002212    program     extern D:\Projects\UBW\FW\HelloUSBWorld\main.c
    USBCBStdSetDscHandler   0x00220c    program     extern D:\Projects\UBW\FW\HelloUSBWorld\main.c
             USBCBSuspend   0x0021d2    program     extern D:\Projects\UBW\FW\HelloUSBWorld\main.c
     USBCBWakeFromSuspend   0x0021d4    program     extern D:\Projects\UBW\FW\HelloUSBWorld\main.c
        USBCB_SOF_Handler   0x0021d6    program     extern D:\Projects\UBW\FW\HelloUSBWorld\main.c
              USBCancelIO   0x0019e6    program     extern D:\Projects\UBW\FW\Microchip\USB\usb_device.c
       USBCheckCDCRequest   0x001ad0    program     extern D:\Projects\UBW\FW\Microchip\USB\CDC Device Driver\usb_function_cdc.c
       USBCheckStdRequest   0x000d5e    program     static D:\Projects\UBW\FW\Microchip\USB\usb_device.c
     USBConfigureEndpoint   0x0016d8    program     static D:\Projects\UBW\FW\Microchip\USB\usb_device.c
  USBCtrlEPAllowDataStage   0x00113c    program     extern D:\Projects\UBW\FW\Microchip\USB\usb_device.c
USBCtrlEPAllowStatusStage   0x00109a    program     extern D:\Projects\UBW\FW\Microchip\USB\usb_device.c
         USBCtrlEPService   0x000b34    program     static D:\Projects\UBW\FW\Microchip\USB\usb_device.c
 USBCtrlEPServiceComplete   0x00133e    program     static D:\Projects\UBW\FW\Microchip\USB\usb_device.c
      USBCtrlTrfInHandler   0x000caa    program     static D:\Projects\UBW\FW\Microchip\USB\usb_device.c
     USBCtrlTrfOutHandler   0x000c5e    program     static D:\Projects\UBW\FW\Microchip\USB\usb_device.c
      USBCtrlTrfRxService   0x0014c4    program     static D:\Projects\UBW\FW\Microchip\USB\usb_device.c
   USBCtrlTrfSetupHandler   0x000c00    program     static D:\Projects\UBW\FW\Microchip\USB\usb_device.c
      USBCtrlTrfTxService   0x001400    program     static D:\Projects\UBW\FW\Microchip\USB\usb_device.c
          USBDeviceAttach   0x001aa2    program     extern D:\Projects\UBW\FW\Microchip\USB\usb_device.c
          USBDeviceDetach   0x001a96    program     extern D:\Projects\UBW\FW\Microchip\USB\usb_device.c
            USBDeviceInit   0x000838    program     extern D:\Projects\UBW\FW\Microchip\USB\usb_device.c
           USBDeviceTasks   0x000950    program     extern D:\Projects\UBW\FW\Microchip\USB\usb_device.c
        USBEnableEndpoint   0x001792    program     extern D:\Projects\UBW\FW\Microchip\USB\usb_device.c
         USBStallEndpoint   0x001800    program     extern D:\Projects\UBW\FW\Microchip\USB\usb_device.c
          USBStallHandler   0x000aaa    program     static D:\Projects\UBW\FW\Microchip\USB\usb_device.c
  USBStdFeatureReqHandler   0x000e28    program     static D:\Projects\UBW\FW\Microchip\USB\usb_device.c
      USBStdGetDscHandler   0x0011bc    program     static D:\Projects\UBW\FW\Microchip\USB\usb_device.c
   USBStdGetStatusHandler   0x00127c    program     static D:\Projects\UBW\FW\Microchip\USB\usb_device.c
      USBStdSetCfgHandler   0x001604    program     static D:\Projects\UBW\FW\Microchip\USB\usb_device.c
               USBSuspend   0x000adc    program     static D:\Projects\UBW\FW\Microchip\USB\usb_device.c
     USBTransferOnePacket   0x0018e0    program     extern D:\Projects\UBW\FW\Microchip\USB\usb_device.c
       USBWakeFromSuspend   0x000b06    program     static D:\Projects\UBW\FW\Microchip\USB\usb_device.c
               USB_CD_Ptr   0x002385    program     extern D:\Projects\UBW\FW\HelloUSBWorld\usb_descriptors.c
               USB_SD_Ptr   0x002387    program     extern D:\Projects\UBW\FW\HelloUSBWorld\usb_descriptors.c
USER_USB_CALLBACK_EVENT_HANDLER   0x00222e    program     extern D:\Projects\UBW\FW\HelloUSBWorld\main.c
                 UserInit   0x00200a    program     extern D:\Projects\UBW\FW\HelloUSBWorld\main.c
  YourHighPriorityISRCode   0x001f38    program     extern D:\Projects\UBW\FW\HelloUSBWorld\main.c
   YourLowPriorityISRCode   0x001fce    program     extern D:\Projects\UBW\FW\HelloUSBWorld\main.c
              _2jContinue   0x00244c    program     static C:\Program Files\Microchip\mplabc18\v3.37\src\traditional\stdclib\memset.asm
                   _3jEnd   0x002456    program     static C:\Program Files\Microchip\mplabc18\v3.37\src\traditional\stdclib\memset.asm
     ___case_114_lbl00075   0x0022b2    program     static                          
     ___case_115_lbl00071   0x0022a2    program     static                          
     ___case_116_lbl00073   0x0022aa    program     static                          
     ___case_117_lbl00072   0x0022a6    program     static                          
       ___case_1_lbl00068   0x002296    program     static                          
       ___case_2_lbl00069   0x00229a    program     static                          
   ___case_32767_lbl00074   0x0022ae    program     static                          
       ___case_3_lbl00070   0x00229e    program     static                          
      ___default_lbl00076   0x0022b6    program     static                          
       ___return_lbl00000   0x000804    program     static                          
       ___return_lbl00000   0x000004    program     static                          
       ___return_lbl00001   0x00080c    program     static                          
       ___return_lbl00001   0x00249a    program     static                          
       ___return_lbl00002   0x00081c    program     static                          
       ___return_lbl00002   0x00242a    program     static                          
       ___return_lbl00003   0x00000c    program     static                          
       ___return_lbl00004   0x00001c    program     static                          
       ___return_lbl00066   0x0022bc    program     static                          
   ___switchexit_lbl00067   0x0022b8    program     static                          
                   __init   0x0024b2    program     extern C:\Program Files\Microchip\mplabc18\v3.37\src\traditional\stdclib\__init.c
               __string_0   0x00249c    program     static D:\Projects\UBW\FW\HelloUSBWorld\main.c
               __tmplbl_2   0x00224a    program     static                          
               __tmplbl_3   0x002256    program     static                          
               __tmplbl_4   0x002260    program     static                          
               __tmplbl_5   0x00226a    program     static                          
               __tmplbl_6   0x002274    program     static                          
               __tmplbl_7   0x00227e    program     static                          
               __tmplbl_8   0x002288    program     static                          
               __tmplbl_9   0x002292    program     static                          
            __zero_memory   0x002460    program     extern C:\Program Files\Microchip\mplabc18\v3.37\src\traditional\proc\p18F2455.asm
                _do_cinit   0x00238e    program     extern C:\Program Files\Microchip\mplabc18\v3.37\src\traditional\startup\c018i.c
                   _entry   0x000000    program     extern C:\Program Files\Microchip\mplabc18\v3.37\src\traditional\startup\c018i.c
                   _reset   0x000800    program     extern D:\Projects\UBW\FW\HelloUSBWorld\main.c
                 _startup   0x002480    program     extern C:\Program Files\Microchip\mplabc18\v3.37\src\traditional\startup\c018i.c
                compare_l   0x002476    program     static C:\Program Files\Microchip\mplabc18\v3.37\src\traditional\proc\p18F2455.asm
        configDescriptor1   0x0022d6    program     extern D:\Projects\UBW\FW\HelloUSBWorld\usb_descriptors.c
                copy_loop   0x002400    program     static                          
            copy_one_byte   0x002406    program     static                          
               device_dsc   0x0022c4    program     extern D:\Projects\UBW\FW\HelloUSBWorld\usb_descriptors.c
                     done   0x00242a    program     static                          
             done_copying   0x002414    program     static                          
             getsUSBUSART   0x001bda    program     extern D:\Projects\UBW\FW\Microchip\USB\CDC Device Driver\usb_function_cdc.c
                     jEnd   0x00245e    program     static C:\Program Files\Microchip\mplabc18\v3.37\src\traditional\stdclib\memset.asm
                    jLoop   0x002440    program     static C:\Program Files\Microchip\mplabc18\v3.37\src\traditional\stdclib\memset.asm
                     loop   0x002490    program     static                          
                   loop_h   0x00246e    program     static C:\Program Files\Microchip\mplabc18\v3.37\src\traditional\proc\p18F2455.asm
                   loop_l   0x002478    program     static C:\Program Files\Microchip\mplabc18\v3.37\src\traditional\proc\p18F2455.asm
                     main   0x001ff4    program     extern D:\Projects\UBW\FW\HelloUSBWorld\main.c
                   memset   0x00242c    program     extern C:\Program Files\Microchip\mplabc18\v3.37\src\traditional\stdclib\memset.asm
              putUSBUSART   0x001c9c    program     extern D:\Projects\UBW\FW\Microchip\USB\CDC Device Driver\usb_function_cdc.c
            putrsUSBUSART   0x001d58    program     extern D:\Projects\UBW\FW\Microchip\USB\CDC Device Driver\usb_function_cdc.c
             putsUSBUSART   0x001cce    program     extern D:\Projects\UBW\FW\Microchip\USB\CDC Device Driver\usb_function_cdc.c
                    sd000   0x002319    program     extern D:\Projects\UBW\FW\HelloUSBWorld\usb_descriptors.c
                    sd001   0x00231d    program     extern D:\Projects\UBW\FW\HelloUSBWorld\usb_descriptors.c
                    sd002   0x002351    program     extern D:\Projects\UBW\FW\HelloUSBWorld\usb_descriptors.c
                     test   0x0023a8    program     static                          
               zero_block   0x00246e    program     static C:\Program Files\Microchip\mplabc18\v3.37\src\traditional\proc\p18F2455.asm
                   ADCON0   0x000fc2       data     extern C:\Program Files\Microchip\mplabc18\v3.37\src\traditional\proc\p18F2455.asm
               ADCON0bits   0x000fc2       data     extern C:\Program Files\Microchip\mplabc18\v3.37\src\traditional\proc\p18F2455.asm
                   ADCON1   0x000fc1       data     extern C:\Program Files\Microchip\mplabc18\v3.37\src\traditional\proc\p18F2455.asm
               ADCON1bits   0x000fc1       data     extern C:\Program Files\Microchip\mplabc18\v3.37\src\traditional\proc\p18F2455.asm
                   ADCON2   0x000fc0       data     extern C:\Program Files\Microchip\mplabc18\v3.37\src\traditional\proc\p18F2455.asm
               ADCON2bits   0x000fc0       data     extern C:\Program Files\Microchip\mplabc18\v3.37\src\traditional\proc\p18F2455.asm
                    ADRES   0x000fc3       data     extern C:\Program Files\Microchip\mplabc18\v3.37\src\traditional\proc\p18F2455.asm
                   ADRESH   0x000fc4       data     extern C:\Program Files\Microchip\mplabc18\v3.37\src\traditional\proc\p18F2455.asm
                   ADRESL   0x000fc3       data     extern C:\Program Files\Microchip\mplabc18\v3.37\src\traditional\proc\p18F2455.asm
                  BAUDCON   0x000fb8       data     extern C:\Program Files\Microchip\mplabc18\v3.37\src\traditional\proc\p18F2455.asm
              BAUDCONbits   0x000fb8       data     extern C:\Program Files\Microchip\mplabc18\v3.37\src\traditional\proc\p18F2455.asm
                  BAUDCTL   0x000fb8       data     extern C:\Program Files\Microchip\mplabc18\v3.37\src\traditional\proc\p18F2455.asm
              BAUDCTLbits   0x000fb8       data     extern C:\Program Files\Microchip\mplabc18\v3.37\src\traditional\proc\p18F2455.asm
                      BDT   0x000400       data     extern D:\Projects\UBW\FW\Microchip\USB\usb_device.c
                      BSR   0x000fe0       data     extern C:\Program Files\Microchip\mplabc18\v3.37\src\traditional\proc\p18F2455.asm
              BaudRateGen   0x0000f2       data     extern D:\Projects\UBW\FW\Microchip\USB\CDC Device Driver\usb_function_cdc.c
       BothEP0OutUOWNsSet   0x00012b       data     extern D:\Projects\UBW\FW\Microchip\USB\usb_device.c
                   CCP1AS   0x000fb6       data     extern C:\Program Files\Microchip\mplabc18\v3.37\src\traditional\proc\p18F2455.asm
               CCP1ASbits   0x000fb6       data     extern C:\Program Files\Microchip\mplabc18\v3.37\src\traditional\proc\p18F2455.asm
                  CCP1CON   0x000fbd       data     extern C:\Program Files\Microchip\mplabc18\v3.37\src\traditional\proc\p18F2455.asm
              CCP1CONbits   0x000fbd       data     extern C:\Program Files\Microchip\mplabc18\v3.37\src\traditional\proc\p18F2455.asm
                  CCP1DEL   0x000fb7       data     extern C:\Program Files\Microchip\mplabc18\v3.37\src\traditional\proc\p18F2455.asm
              CCP1DELbits   0x000fb7       data     extern C:\Program Files\Microchip\mplabc18\v3.37\src\traditional\proc\p18F2455.asm
                  CCP2CON   0x000fba       data     extern C:\Program Files\Microchip\mplabc18\v3.37\src\traditional\proc\p18F2455.asm
              CCP2CONbits   0x000fba       data     extern C:\Program Files\Microchip\mplabc18\v3.37\src\traditional\proc\p18F2455.asm
                    CCPR1   0x000fbe       data     extern C:\Program Files\Microchip\mplabc18\v3.37\src\traditional\proc\p18F2455.asm
                   CCPR1H   0x000fbf       data     extern C:\Program Files\Microchip\mplabc18\v3.37\src\traditional\proc\p18F2455.asm
                   CCPR1L   0x000fbe       data     extern C:\Program Files\Microchip\mplabc18\v3.37\src\traditional\proc\p18F2455.asm
                    CCPR2   0x000fbb       data     extern C:\Program Files\Microchip\mplabc18\v3.37\src\traditional\proc\p18F2455.asm
                   CCPR2H   0x000fbc       data     extern C:\Program Files\Microchip\mplabc18\v3.37\src\traditional\proc\p18F2455.asm
                   CCPR2L   0x000fbb       data     extern C:\Program Files\Microchip\mplabc18\v3.37\src\traditional\proc\p18F2455.asm
          CDCDataInHandle   0x0000ef       data     extern D:\Projects\UBW\FW\Microchip\USB\CDC Device Driver\usb_function_cdc.c
         CDCDataOutHandle   0x0000ed       data     extern D:\Projects\UBW\FW\Microchip\USB\CDC Device Driver\usb_function_cdc.c
                    CMCON   0x000fb4       data     extern C:\Program Files\Microchip\mplabc18\v3.37\src\traditional\proc\p18F2455.asm
                CMCONbits   0x000fb4       data     extern C:\Program Files\Microchip\mplabc18\v3.37\src\traditional\proc\p18F2455.asm
                   CVRCON   0x000fb5       data     extern C:\Program Files\Microchip\mplabc18\v3.37\src\traditional\proc\p18F2455.asm
               CVRCONbits   0x000fb5       data     extern C:\Program Files\Microchip\mplabc18\v3.37\src\traditional\proc\p18F2455.asm
              CtrlTrfData   0x000448       data     extern D:\Projects\UBW\FW\Microchip\USB\usb_device.c
                     DDRA   0x000f92       data     extern C:\Program Files\Microchip\mplabc18\v3.37\src\traditional\proc\p18F2455.asm
                 DDRAbits   0x000f92       data     extern C:\Program Files\Microchip\mplabc18\v3.37\src\traditional\proc\p18F2455.asm
                     DDRB   0x000f93       data     extern C:\Program Files\Microchip\mplabc18\v3.37\src\traditional\proc\p18F2455.asm
                 DDRBbits   0x000f93       data     extern C:\Program Files\Microchip\mplabc18\v3.37\src\traditional\proc\p18F2455.asm
                     DDRC   0x000f94       data     extern C:\Program Files\Microchip\mplabc18\v3.37\src\traditional\proc\p18F2455.asm
                 DDRCbits   0x000f94       data     extern C:\Program Files\Microchip\mplabc18\v3.37\src\traditional\proc\p18F2455.asm
                  ECCP1AS   0x000fb6       data     extern C:\Program Files\Microchip\mplabc18\v3.37\src\traditional\proc\p18F2455.asm
              ECCP1ASbits   0x000fb6       data     extern C:\Program Files\Microchip\mplabc18\v3.37\src\traditional\proc\p18F2455.asm
                 ECCP1DEL   0x000fb7       data     extern C:\Program Files\Microchip\mplabc18\v3.37\src\traditional\proc\p18F2455.asm
             ECCP1DELbits   0x000fb7       data     extern C:\Program Files\Microchip\mplabc18\v3.37\src\traditional\proc\p18F2455.asm
                    EEADR   0x000fa9       data     extern C:\Program Files\Microchip\mplabc18\v3.37\src\traditional\proc\p18F2455.asm
                   EECON1   0x000fa6       data     extern C:\Program Files\Microchip\mplabc18\v3.37\src\traditional\proc\p18F2455.asm
               EECON1bits   0x000fa6       data     extern C:\Program Files\Microchip\mplabc18\v3.37\src\traditional\proc\p18F2455.asm
                   EECON2   0x000fa7       data     extern C:\Program Files\Microchip\mplabc18\v3.37\src\traditional\proc\p18F2455.asm
                   EEDATA   0x000fa8       data     extern C:\Program Files\Microchip\mplabc18\v3.37\src\traditional\proc\p18F2455.asm
                     FSR0   0x000fe9       data     extern C:\Program Files\Microchip\mplabc18\v3.37\src\traditional\proc\p18F2455.asm
                    FSR0H   0x000fea       data     extern C:\Program Files\Microchip\mplabc18\v3.37\src\traditional\proc\p18F2455.asm
                    FSR0L   0x000fe9       data     extern C:\Program Files\Microchip\mplabc18\v3.37\src\traditional\proc\p18F2455.asm
                     FSR1   0x000fe1       data     extern C:\Program Files\Microchip\mplabc18\v3.37\src\traditional\proc\p18F2455.asm
                    FSR1H   0x000fe2       data     extern C:\Program Files\Microchip\mplabc18\v3.37\src\traditional\proc\p18F2455.asm
                    FSR1L   0x000fe1       data     extern C:\Program Files\Microchip\mplabc18\v3.37\src\traditional\proc\p18F2455.asm
                     FSR2   0x000fd9       data     extern C:\Program Files\Microchip\mplabc18\v3.37\src\traditional\proc\p18F2455.asm
                    FSR2H   0x000fda       data     extern C:\Program Files\Microchip\mplabc18\v3.37\src\traditional\proc\p18F2455.asm
                    FSR2L   0x000fd9       data     extern C:\Program Files\Microchip\mplabc18\v3.37\src\traditional\proc\p18F2455.asm
                  HLVDCON   0x000fd2       data     extern C:\Program Files\Microchip\mplabc18\v3.37\src\traditional\proc\p18F2455.asm
              HLVDCONbits   0x000fd2       data     extern C:\Program Files\Microchip\mplabc18\v3.37\src\traditional\proc\p18F2455.asm
                    INDF0   0x000fef       data     extern C:\Program Files\Microchip\mplabc18\v3.37\src\traditional\proc\p18F2455.asm
                    INDF1   0x000fe7       data     extern C:\Program Files\Microchip\mplabc18\v3.37\src\traditional\proc\p18F2455.asm
                    INDF2   0x000fdf       data     extern C:\Program Files\Microchip\mplabc18\v3.37\src\traditional\proc\p18F2455.asm
                   INTCON   0x000ff2       data     extern C:\Program Files\Microchip\mplabc18\v3.37\src\traditional\proc\p18F2455.asm
                  INTCON2   0x000ff1       data     extern C:\Program Files\Microchip\mplabc18\v3.37\src\traditional\proc\p18F2455.asm
              INTCON2bits   0x000ff1       data     extern C:\Program Files\Microchip\mplabc18\v3.37\src\traditional\proc\p18F2455.asm
                  INTCON3   0x000ff0       data     extern C:\Program Files\Microchip\mplabc18\v3.37\src\traditional\proc\p18F2455.asm
              INTCON3bits   0x000ff0       data     extern C:\Program Files\Microchip\mplabc18\v3.37\src\traditional\proc\p18F2455.asm
               INTCONbits   0x000ff2       data     extern C:\Program Files\Microchip\mplabc18\v3.37\src\traditional\proc\p18F2455.asm
                     IPR1   0x000f9f       data     extern C:\Program Files\Microchip\mplabc18\v3.37\src\traditional\proc\p18F2455.asm
                 IPR1bits   0x000f9f       data     extern C:\Program Files\Microchip\mplabc18\v3.37\src\traditional\proc\p18F2455.asm
                     IPR2   0x000fa2       data     extern C:\Program Files\Microchip\mplabc18\v3.37\src\traditional\proc\p18F2455.asm
                 IPR2bits   0x000fa2       data     extern C:\Program Files\Microchip\mplabc18\v3.37\src\traditional\proc\p18F2455.asm
                     LATA   0x000f89       data     extern C:\Program Files\Microchip\mplabc18\v3.37\src\traditional\proc\p18F2455.asm
                 LATAbits   0x000f89       data     extern C:\Program Files\Microchip\mplabc18\v3.37\src\traditional\proc\p18F2455.asm
                     LATB   0x000f8a       data     extern C:\Program Files\Microchip\mplabc18\v3.37\src\traditional\proc\p18F2455.asm
                 LATBbits   0x000f8a       data     extern C:\Program Files\Microchip\mplabc18\v3.37\src\traditional\proc\p18F2455.asm
                     LATC   0x000f8b       data     extern C:\Program Files\Microchip\mplabc18\v3.37\src\traditional\proc\p18F2455.asm
                 LATCbits   0x000f8b       data     extern C:\Program Files\Microchip\mplabc18\v3.37\src\traditional\proc\p18F2455.asm
                   LVDCON   0x000fd2       data     extern C:\Program Files\Microchip\mplabc18\v3.37\src\traditional\proc\p18F2455.asm
               LVDCONbits   0x000fd2       data     extern C:\Program Files\Microchip\mplabc18\v3.37\src\traditional\proc\p18F2455.asm
                   OSCCON   0x000fd3       data     extern C:\Program Files\Microchip\mplabc18\v3.37\src\traditional\proc\p18F2455.asm
               OSCCONbits   0x000fd3       data     extern C:\Program Files\Microchip\mplabc18\v3.37\src\traditional\proc\p18F2455.asm
                  OSCTUNE   0x000f9b       data     extern C:\Program Files\Microchip\mplabc18\v3.37\src\traditional\proc\p18F2455.asm
              OSCTUNEbits   0x000f9b       data     extern C:\Program Files\Microchip\mplabc18\v3.37\src\traditional\proc\p18F2455.asm
                       PC   0x000ff9       data     extern C:\Program Files\Microchip\mplabc18\v3.37\src\traditional\proc\p18F2455.asm
                      PCL   0x000ff9       data     extern C:\Program Files\Microchip\mplabc18\v3.37\src\traditional\proc\p18F2455.asm
                   PCLATH   0x000ffa       data     extern C:\Program Files\Microchip\mplabc18\v3.37\src\traditional\proc\p18F2455.asm
                   PCLATU   0x000ffb       data     extern C:\Program Files\Microchip\mplabc18\v3.37\src\traditional\proc\p18F2455.asm
                     PIE1   0x000f9d       data     extern C:\Program Files\Microchip\mplabc18\v3.37\src\traditional\proc\p18F2455.asm
                 PIE1bits   0x000f9d       data     extern C:\Program Files\Microchip\mplabc18\v3.37\src\traditional\proc\p18F2455.asm
                     PIE2   0x000fa0       data     extern C:\Program Files\Microchip\mplabc18\v3.37\src\traditional\proc\p18F2455.asm
                 PIE2bits   0x000fa0       data     extern C:\Program Files\Microchip\mplabc18\v3.37\src\traditional\proc\p18F2455.asm
                     PIR1   0x000f9e       data     extern C:\Program Files\Microchip\mplabc18\v3.37\src\traditional\proc\p18F2455.asm
                 PIR1bits   0x000f9e       data     extern C:\Program Files\Microchip\mplabc18\v3.37\src\traditional\proc\p18F2455.asm
                     PIR2   0x000fa1       data     extern C:\Program Files\Microchip\mplabc18\v3.37\src\traditional\proc\p18F2455.asm
                 PIR2bits   0x000fa1       data     extern C:\Program Files\Microchip\mplabc18\v3.37\src\traditional\proc\p18F2455.asm
                   PLUSW0   0x000feb       data     extern C:\Program Files\Microchip\mplabc18\v3.37\src\traditional\proc\p18F2455.asm
                   PLUSW1   0x000fe3       data     extern C:\Program Files\Microchip\mplabc18\v3.37\src\traditional\proc\p18F2455.asm
                   PLUSW2   0x000fdb       data     extern C:\Program Files\Microchip\mplabc18\v3.37\src\traditional\proc\p18F2455.asm
                    PORTA   0x000f80       data     extern C:\Program Files\Microchip\mplabc18\v3.37\src\traditional\proc\p18F2455.asm
                PORTAbits   0x000f80       data     extern C:\Program Files\Microchip\mplabc18\v3.37\src\traditional\proc\p18F2455.asm
                    PORTB   0x000f81       data     extern C:\Program Files\Microchip\mplabc18\v3.37\src\traditional\proc\p18F2455.asm
                PORTBbits   0x000f81       data     extern C:\Program Files\Microchip\mplabc18\v3.37\src\traditional\proc\p18F2455.asm
                    PORTC   0x000f82       data     extern C:\Program Files\Microchip\mplabc18\v3.37\src\traditional\proc\p18F2455.asm
                PORTCbits   0x000f82       data     extern C:\Program Files\Microchip\mplabc18\v3.37\src\traditional\proc\p18F2455.asm
                    PORTE   0x000f84       data     extern C:\Program Files\Microchip\mplabc18\v3.37\src\traditional\proc\p18F2455.asm
                PORTEbits   0x000f84       data     extern C:\Program Files\Microchip\mplabc18\v3.37\src\traditional\proc\p18F2455.asm
                 POSTDEC0   0x000fed       data     extern C:\Program Files\Microchip\mplabc18\v3.37\src\traditional\proc\p18F2455.asm
                 POSTDEC1   0x000fe5       data     extern C:\Program Files\Microchip\mplabc18\v3.37\src\traditional\proc\p18F2455.asm
                 POSTDEC2   0x000fdd       data     extern C:\Program Files\Microchip\mplabc18\v3.37\src\traditional\proc\p18F2455.asm
                 POSTINC0   0x000fee       data     extern C:\Program Files\Microchip\mplabc18\v3.37\src\traditional\proc\p18F2455.asm
                 POSTINC1   0x000fe6       data     extern C:\Program Files\Microchip\mplabc18\v3.37\src\traditional\proc\p18F2455.asm
                 POSTINC2   0x000fde       data     extern C:\Program Files\Microchip\mplabc18\v3.37\src\traditional\proc\p18F2455.asm
                      PR2   0x000fcb       data     extern C:\Program Files\Microchip\mplabc18\v3.37\src\traditional\proc\p18F2455.asm
                  PREINC0   0x000fec       data     extern C:\Program Files\Microchip\mplabc18\v3.37\src\traditional\proc\p18F2455.asm
                  PREINC1   0x000fe4       data     extern C:\Program Files\Microchip\mplabc18\v3.37\src\traditional\proc\p18F2455.asm
                  PREINC2   0x000fdc       data     extern C:\Program Files\Microchip\mplabc18\v3.37\src\traditional\proc\p18F2455.asm
                     PROD   0x000ff3       data     extern C:\Program Files\Microchip\mplabc18\v3.37\src\traditional\proc\p18F2455.asm
                    PRODH   0x000ff4       data     extern C:\Program Files\Microchip\mplabc18\v3.37\src\traditional\proc\p18F2455.asm
                    PRODL   0x000ff3       data     extern C:\Program Files\Microchip\mplabc18\v3.37\src\traditional\proc\p18F2455.asm
                     RCON   0x000fd0       data     extern C:\Program Files\Microchip\mplabc18\v3.37\src\traditional\proc\p18F2455.asm
                 RCONbits   0x000fd0       data     extern C:\Program Files\Microchip\mplabc18\v3.37\src\traditional\proc\p18F2455.asm
                    RCREG   0x000fae       data     extern C:\Program Files\Microchip\mplabc18\v3.37\src\traditional\proc\p18F2455.asm
                    RCSTA   0x000fab       data     extern C:\Program Files\Microchip\mplabc18\v3.37\src\traditional\proc\p18F2455.asm
                RCSTAbits   0x000fab       data     extern C:\Program Files\Microchip\mplabc18\v3.37\src\traditional\proc\p18F2455.asm
             RemoteWakeup   0x000127       data     extern D:\Projects\UBW\FW\Microchip\USB\usb_device.c
                     SIGN   0x000009       data     extern C:\Program Files\Microchip\mplabc18\v3.37\src\traditional\math\cmath18.asm
                    SPBRG   0x000faf       data     extern C:\Program Files\Microchip\mplabc18\v3.37\src\traditional\proc\p18F2455.asm
                   SPBRGH   0x000fb0       data     extern C:\Program Files\Microchip\mplabc18\v3.37\src\traditional\proc\p18F2455.asm
                   SSPADD   0x000fc8       data     extern C:\Program Files\Microchip\mplabc18\v3.37\src\traditional\proc\p18F2455.asm
                   SSPBUF   0x000fc9       data     extern C:\Program Files\Microchip\mplabc18\v3.37\src\traditional\proc\p18F2455.asm
                  SSPCON1   0x000fc6       data     extern C:\Program Files\Microchip\mplabc18\v3.37\src\traditional\proc\p18F2455.asm
              SSPCON1bits   0x000fc6       data     extern C:\Program Files\Microchip\mplabc18\v3.37\src\traditional\proc\p18F2455.asm
                  SSPCON2   0x000fc5       data     extern C:\Program Files\Microchip\mplabc18\v3.37\src\traditional\proc\p18F2455.asm
              SSPCON2bits   0x000fc5       data     extern C:\Program Files\Microchip\mplabc18\v3.37\src\traditional\proc\p18F2455.asm
                  SSPSTAT   0x000fc7       data     extern C:\Program Files\Microchip\mplabc18\v3.37\src\traditional\proc\p18F2455.asm
              SSPSTATbits   0x000fc7       data     extern C:\Program Files\Microchip\mplabc18\v3.37\src\traditional\proc\p18F2455.asm
                   STATUS   0x000fd8       data     extern C:\Program Files\Microchip\mplabc18\v3.37\src\traditional\proc\p18F2455.asm
               STATUSbits   0x000fd8       data     extern C:\Program Files\Microchip\mplabc18\v3.37\src\traditional\proc\p18F2455.asm
                   STKPTR   0x000ffc       data     extern C:\Program Files\Microchip\mplabc18\v3.37\src\traditional\proc\p18F2455.asm
               STKPTRbits   0x000ffc       data     extern C:\Program Files\Microchip\mplabc18\v3.37\src\traditional\proc\p18F2455.asm
                 SetupPkt   0x000440       data     extern D:\Projects\UBW\FW\Microchip\USB\usb_device.c
                    T0CON   0x000fd5       data     extern C:\Program Files\Microchip\mplabc18\v3.37\src\traditional\proc\p18F2455.asm
                T0CONbits   0x000fd5       data     extern C:\Program Files\Microchip\mplabc18\v3.37\src\traditional\proc\p18F2455.asm
                    T1CON   0x000fcd       data     extern C:\Program Files\Microchip\mplabc18\v3.37\src\traditional\proc\p18F2455.asm
                T1CONbits   0x000fcd       data     extern C:\Program Files\Microchip\mplabc18\v3.37\src\traditional\proc\p18F2455.asm
                    T2CON   0x000fca       data     extern C:\Program Files\Microchip\mplabc18\v3.37\src\traditional\proc\p18F2455.asm
                T2CONbits   0x000fca       data     extern C:\Program Files\Microchip\mplabc18\v3.37\src\traditional\proc\p18F2455.asm
                    T3CON   0x000fb1       data     extern C:\Program Files\Microchip\mplabc18\v3.37\src\traditional\proc\p18F2455.asm
                T3CONbits   0x000fb1       data     extern C:\Program Files\Microchip\mplabc18\v3.37\src\traditional\proc\p18F2455.asm
                   TABLAT   0x000ff5       data     extern C:\Program Files\Microchip\mplabc18\v3.37\src\traditional\proc\p18F2455.asm
                   TBLPTR   0x000ff6       data     extern C:\Program Files\Microchip\mplabc18\v3.37\src\traditional\proc\p18F2455.asm
                  TBLPTRH   0x000ff7       data     extern C:\Program Files\Microchip\mplabc18\v3.37\src\traditional\proc\p18F2455.asm
                  TBLPTRL   0x000ff6       data     extern C:\Program Files\Microchip\mplabc18\v3.37\src\traditional\proc\p18F2455.asm
                  TBLPTRU   0x000ff8       data     extern C:\Program Files\Microchip\mplabc18\v3.37\src\traditional\proc\p18F2455.asm
                    TMR0H   0x000fd7       data     extern C:\Program Files\Microchip\mplabc18\v3.37\src\traditional\proc\p18F2455.asm
                    TMR0L   0x000fd6       data     extern C:\Program Files\Microchip\mplabc18\v3.37\src\traditional\proc\p18F2455.asm
                    TMR1H   0x000fcf       data     extern C:\Program Files\Microchip\mplabc18\v3.37\src\traditional\proc\p18F2455.asm
                    TMR1L   0x000fce       data     extern C:\Program Files\Microchip\mplabc18\v3.37\src\traditional\proc\p18F2455.asm
                     TMR2   0x000fcc       data     extern C:\Program Files\Microchip\mplabc18\v3.37\src\traditional\proc\p18F2455.asm
                    TMR3H   0x000fb3       data     extern C:\Program Files\Microchip\mplabc18\v3.37\src\traditional\proc\p18F2455.asm
                    TMR3L   0x000fb2       data     extern C:\Program Files\Microchip\mplabc18\v3.37\src\traditional\proc\p18F2455.asm
                      TOS   0x000ffd       data     extern C:\Program Files\Microchip\mplabc18\v3.37\src\traditional\proc\p18F2455.asm
                     TOSH   0x000ffe       data     extern C:\Program Files\Microchip\mplabc18\v3.37\src\traditional\proc\p18F2455.asm
                     TOSL   0x000ffd       data     extern C:\Program Files\Microchip\mplabc18\v3.37\src\traditional\proc\p18F2455.asm
                     TOSU   0x000fff       data     extern C:\Program Files\Microchip\mplabc18\v3.37\src\traditional\proc\p18F2455.asm
                    TRISA   0x000f92       data     extern C:\Program Files\Microchip\mplabc18\v3.37\src\traditional\proc\p18F2455.asm
                TRISAbits   0x000f92       data     extern C:\Program Files\Microchip\mplabc18\v3.37\src\traditional\proc\p18F2455.asm
                    TRISB   0x000f93       data     extern C:\Program Files\Microchip\mplabc18\v3.37\src\traditional\proc\p18F2455.asm
                TRISBbits   0x000f93       data     extern C:\Program Files\Microchip\mplabc18\v3.37\src\traditional\proc\p18F2455.asm
                    TRISC   0x000f94       data     extern C:\Program Files\Microchip\mplabc18\v3.37\src\traditional\proc\p18F2455.asm
                TRISCbits   0x000f94       data     extern C:\Program Files\Microchip\mplabc18\v3.37\src\traditional\proc\p18F2455.asm
                    TXREG   0x000fad       data     extern C:\Program Files\Microchip\mplabc18\v3.37\src\traditional\proc\p18F2455.asm
                    TXSTA   0x000fac       data     extern C:\Program Files\Microchip\mplabc18\v3.37\src\traditional\proc\p18F2455.asm
                TXSTAbits   0x000fac       data     extern C:\Program Files\Microchip\mplabc18\v3.37\src\traditional\proc\p18F2455.asm
                    UADDR   0x000f6e       data     extern C:\Program Files\Microchip\mplabc18\v3.37\src\traditional\proc\p18F2455.asm
                UADDRbits   0x000f6e       data     extern C:\Program Files\Microchip\mplabc18\v3.37\src\traditional\proc\p18F2455.asm
                     UCFG   0x000f6f       data     extern C:\Program Files\Microchip\mplabc18\v3.37\src\traditional\proc\p18F2455.asm
                 UCFGbits   0x000f6f       data     extern C:\Program Files\Microchip\mplabc18\v3.37\src\traditional\proc\p18F2455.asm
                     UCON   0x000f6d       data     extern C:\Program Files\Microchip\mplabc18\v3.37\src\traditional\proc\p18F2455.asm
                 UCONbits   0x000f6d       data     extern C:\Program Files\Microchip\mplabc18\v3.37\src\traditional\proc\p18F2455.asm
                     UEIE   0x000f6b       data     extern C:\Program Files\Microchip\mplabc18\v3.37\src\traditional\proc\p18F2455.asm
                 UEIEbits   0x000f6b       data     extern C:\Program Files\Microchip\mplabc18\v3.37\src\traditional\proc\p18F2455.asm
                     UEIR   0x000f6a       data     extern C:\Program Files\Microchip\mplabc18\v3.37\src\traditional\proc\p18F2455.asm
                 UEIRbits   0x000f6a       data     extern C:\Program Files\Microchip\mplabc18\v3.37\src\traditional\proc\p18F2455.asm
                     UEP0   0x000f70       data     extern C:\Program Files\Microchip\mplabc18\v3.37\src\traditional\proc\p18F2455.asm
                 UEP0bits   0x000f70       data     extern C:\Program Files\Microchip\mplabc18\v3.37\src\traditional\proc\p18F2455.asm
                     UEP1   0x000f71       data     extern C:\Program Files\Microchip\mplabc18\v3.37\src\traditional\proc\p18F2455.asm
                    UEP10   0x000f7a       data     extern C:\Program Files\Microchip\mplabc18\v3.37\src\traditional\proc\p18F2455.asm
                UEP10bits   0x000f7a       data     extern C:\Program Files\Microchip\mplabc18\v3.37\src\traditional\proc\p18F2455.asm
                    UEP11   0x000f7b       data     extern C:\Program Files\Microchip\mplabc18\v3.37\src\traditional\proc\p18F2455.asm
                UEP11bits   0x000f7b       data     extern C:\Program Files\Microchip\mplabc18\v3.37\src\traditional\proc\p18F2455.asm
                    UEP12   0x000f7c       data     extern C:\Program Files\Microchip\mplabc18\v3.37\src\traditional\proc\p18F2455.asm
                UEP12bits   0x000f7c       data     extern C:\Program Files\Microchip\mplabc18\v3.37\src\traditional\proc\p18F2455.asm
                    UEP13   0x000f7d       data     extern C:\Program Files\Microchip\mplabc18\v3.37\src\traditional\proc\p18F2455.asm
                UEP13bits   0x000f7d       data     extern C:\Program Files\Microchip\mplabc18\v3.37\src\traditional\proc\p18F2455.asm
                    UEP14   0x000f7e       data     extern C:\Program Files\Microchip\mplabc18\v3.37\src\traditional\proc\p18F2455.asm
                UEP14bits   0x000f7e       data     extern C:\Program Files\Microchip\mplabc18\v3.37\src\traditional\proc\p18F2455.asm
                    UEP15   0x000f7f       data     extern C:\Program Files\Microchip\mplabc18\v3.37\src\traditional\proc\p18F2455.asm
                UEP15bits   0x000f7f       data     extern C:\Program Files\Microchip\mplabc18\v3.37\src\traditional\proc\p18F2455.asm
                 UEP1bits   0x000f71       data     extern C:\Program Files\Microchip\mplabc18\v3.37\src\traditional\proc\p18F2455.asm
                     UEP2   0x000f72       data     extern C:\Program Files\Microchip\mplabc18\v3.37\src\traditional\proc\p18F2455.asm
                 UEP2bits   0x000f72       data     extern C:\Program Files\Microchip\mplabc18\v3.37\src\traditional\proc\p18F2455.asm
                     UEP3   0x000f73       data     extern C:\Program Files\Microchip\mplabc18\v3.37\src\traditional\proc\p18F2455.asm
                 UEP3bits   0x000f73       data     extern C:\Program Files\Microchip\mplabc18\v3.37\src\traditional\proc\p18F2455.asm
                     UEP4   0x000f74       data     extern C:\Program Files\Microchip\mplabc18\v3.37\src\traditional\proc\p18F2455.asm
                 UEP4bits   0x000f74       data     extern C:\Program Files\Microchip\mplabc18\v3.37\src\traditional\proc\p18F2455.asm
                     UEP5   0x000f75       data     extern C:\Program Files\Microchip\mplabc18\v3.37\src\traditional\proc\p18F2455.asm
                 UEP5bits   0x000f75       data     extern C:\Program Files\Microchip\mplabc18\v3.37\src\traditional\proc\p18F2455.asm
                     UEP6   0x000f76       data     extern C:\Program Files\Microchip\mplabc18\v3.37\src\traditional\proc\p18F2455.asm
                 UEP6bits   0x000f76       data     extern C:\Program Files\Microchip\mplabc18\v3.37\src\traditional\proc\p18F2455.asm
                     UEP7   0x000f77       data     extern C:\Program Files\Microchip\mplabc18\v3.37\src\traditional\proc\p18F2455.asm
                 UEP7bits   0x000f77       data     extern C:\Program Files\Microchip\mplabc18\v3.37\src\traditional\proc\p18F2455.asm
                     UEP8   0x000f78       data     extern C:\Program Files\Microchip\mplabc18\v3.37\src\traditional\proc\p18F2455.asm
                 UEP8bits   0x000f78       data     extern C:\Program Files\Microchip\mplabc18\v3.37\src\traditional\proc\p18F2455.asm
                     UEP9   0x000f79       data     extern C:\Program Files\Microchip\mplabc18\v3.37\src\traditional\proc\p18F2455.asm
                 UEP9bits   0x000f79       data     extern C:\Program Files\Microchip\mplabc18\v3.37\src\traditional\proc\p18F2455.asm
                     UFRM   0x000f66       data     extern C:\Program Files\Microchip\mplabc18\v3.37\src\traditional\proc\p18F2455.asm
                    UFRMH   0x000f67       data     extern C:\Program Files\Microchip\mplabc18\v3.37\src\traditional\proc\p18F2455.asm
                UFRMHbits   0x000f67       data     extern C:\Program Files\Microchip\mplabc18\v3.37\src\traditional\proc\p18F2455.asm
                    UFRML   0x000f66       data     extern C:\Program Files\Microchip\mplabc18\v3.37\src\traditional\proc\p18F2455.asm
                UFRMLbits   0x000f66       data     extern C:\Program Files\Microchip\mplabc18\v3.37\src\traditional\proc\p18F2455.asm
                      UIE   0x000f69       data     extern C:\Program Files\Microchip\mplabc18\v3.37\src\traditional\proc\p18F2455.asm
                  UIEbits   0x000f69       data     extern C:\Program Files\Microchip\mplabc18\v3.37\src\traditional\proc\p18F2455.asm
                      UIR   0x000f68       data     extern C:\Program Files\Microchip\mplabc18\v3.37\src\traditional\proc\p18F2455.asm
                  UIRbits   0x000f68       data     extern C:\Program Files\Microchip\mplabc18\v3.37\src\traditional\proc\p18F2455.asm
   USBActiveConfiguration   0x000101       data     extern D:\Projects\UBW\FW\Microchip\USB\usb_device.c
    USBAlternateInterface   0x000102       data     extern D:\Projects\UBW\FW\Microchip\USB\usb_device.c
        USBBusIsSuspended   0x000128       data     extern D:\Projects\UBW\FW\Microchip\USB\usb_device.c
USBDeferINDataStagePackets   0x000138       data     extern D:\Projects\UBW\FW\Microchip\USB\usb_device.c
USBDeferOUTDataStagePackets   0x000139       data     extern D:\Projects\UBW\FW\Microchip\USB\usb_device.c
USBDeferStatusStagePacket   0x000135       data     extern D:\Projects\UBW\FW\Microchip\USB\usb_device.c
           USBDeviceState   0x000100       data     extern D:\Projects\UBW\FW\Microchip\USB\usb_device.c
USBStatusStageEnabledFlag1   0x000136       data     extern D:\Projects\UBW\FW\Microchip\USB\usb_device.c
USBStatusStageEnabledFlag2   0x000137       data     extern D:\Projects\UBW\FW\Microchip\USB\usb_device.c
USBStatusStageTimeoutCounter   0x000134       data     extern D:\Projects\UBW\FW\Microchip\USB\usb_device.c
            USB_In_Buffer   0x000060       data     extern D:\Projects\UBW\FW\HelloUSBWorld\main.c
           USB_Out_Buffer   0x0000a0       data     extern D:\Projects\UBW\FW\HelloUSBWorld\main.c
                    USTAT   0x000f6c       data     extern C:\Program Files\Microchip\mplabc18\v3.37\src\traditional\proc\p18F2455.asm
                USTATbits   0x000f6c       data     extern C:\Program Files\Microchip\mplabc18\v3.37\src\traditional\proc\p18F2455.asm
                USTATcopy   0x000129       data     extern D:\Projects\UBW\FW\Microchip\USB\usb_device.c
                   WDTCON   0x000fd1       data     extern C:\Program Files\Microchip\mplabc18\v3.37\src\traditional\proc\p18F2455.asm
               WDTCONbits   0x000fd1       data     extern C:\Program Files\Microchip\mplabc18\v3.37\src\traditional\proc\p18F2455.asm
                     WREG   0x000fe8       data     extern C:\Program Files\Microchip\mplabc18\v3.37\src\traditional\proc\p18F2455.asm
                 __AARGB0   0x000007       data     extern C:\Program Files\Microchip\mplabc18\v3.37\src\traditional\math\aarg.asm
                 __AARGB1   0x000006       data     extern C:\Program Files\Microchip\mplabc18\v3.37\src\traditional\math\aarg.asm
                 __AARGB2   0x000005       data     extern C:\Program Files\Microchip\mplabc18\v3.37\src\traditional\math\aarg.asm
                 __AARGB3   0x000004       data     extern C:\Program Files\Microchip\mplabc18\v3.37\src\traditional\math\aarg.asm
                 __AARGB4   0x000003       data     extern C:\Program Files\Microchip\mplabc18\v3.37\src\traditional\math\aarg.asm
                 __AARGB5   0x000002       data     extern C:\Program Files\Microchip\mplabc18\v3.37\src\traditional\math\aarg.asm
                 __AARGB6   0x000001       data     extern C:\Program Files\Microchip\mplabc18\v3.37\src\traditional\math\aarg.asm
                 __AARGB7   0x000000       data     extern C:\Program Files\Microchip\mplabc18\v3.37\src\traditional\math\aarg.asm
                   __AEXP   0x000008       data     extern C:\Program Files\Microchip\mplabc18\v3.37\src\traditional\math\aarg.asm
                __FPFLAGS   0x00000a       data     extern C:\Program Files\Microchip\mplabc18\v3.37\src\traditional\math\cmath18.asm
            __FPFLAGSbits   0x00000a       data     extern C:\Program Files\Microchip\mplabc18\v3.37\src\traditional\math\cmath18.asm
                  __REMB0   0x000003       data     extern C:\Program Files\Microchip\mplabc18\v3.37\src\traditional\math\aarg.asm
                  __REMB1   0x000002       data     extern C:\Program Files\Microchip\mplabc18\v3.37\src\traditional\math\aarg.asm
                  __REMB2   0x000001       data     extern C:\Program Files\Microchip\mplabc18\v3.37\src\traditional\math\aarg.asm
                  __REMB3   0x000000       data     extern C:\Program Files\Microchip\mplabc18\v3.37\src\traditional\math\aarg.asm
                  __tmp_0   0x00000b       data     static D:\Projects\UBW\FW\Microchip\USB\usb_device.c
                  __tmp_0   0x00000b       data     static D:\Projects\UBW\FW\Microchip\USB\CDC Device Driver\usb_function_cdc.c
              buttonCount   0x0000e2       data     extern D:\Projects\UBW\FW\HelloUSBWorld\main.c
            buttonPressed   0x0000e1       data     extern D:\Projects\UBW\FW\HelloUSBWorld\main.c
              cdc_data_rx   0x000508       data     extern D:\Projects\UBW\FW\Microchip\USB\CDC Device Driver\usb_function_cdc.c
              cdc_data_tx   0x000548       data     extern D:\Projects\UBW\FW\Microchip\USB\CDC Device Driver\usb_function_cdc.c
             cdc_mem_type   0x0000ec       data     extern D:\Projects\UBW\FW\Microchip\USB\CDC Device Driver\usb_function_cdc.c
               cdc_notice   0x000500       data     extern D:\Projects\UBW\FW\Microchip\USB\CDC Device Driver\usb_function_cdc.c
               cdc_rx_len   0x0000e5       data     extern D:\Projects\UBW\FW\Microchip\USB\CDC Device Driver\usb_function_cdc.c
            cdc_trf_state   0x0000e6       data     extern D:\Projects\UBW\FW\Microchip\USB\CDC Device Driver\usb_function_cdc.c
               cdc_tx_len   0x0000eb       data     extern D:\Projects\UBW\FW\Microchip\USB\CDC Device Driver\usb_function_cdc.c
     controlTransferState   0x000118       data     extern D:\Projects\UBW\FW\Microchip\USB\usb_device.c
    control_signal_bitmap   0x0000f1       data     extern D:\Projects\UBW\FW\Microchip\USB\CDC Device Driver\usb_function_cdc.c
                curr_byte   0x00013d       data     static C:\Program Files\Microchip\mplabc18\v3.37\src\traditional\startup\c018i.c
               curr_entry   0x00013f       data     static C:\Program Files\Microchip\mplabc18\v3.37\src\traditional\startup\c018i.c
                 data_ptr   0x000141       data     static C:\Program Files\Microchip\mplabc18\v3.37\src\traditional\startup\c018i.c
              delay_count   0x0000e3       data     static D:\Projects\UBW\FW\HelloUSBWorld\main.c
dummy_encapsulated_cmd_response   0x0000f6       data     extern D:\Projects\UBW\FW\Microchip\USB\CDC Device Driver\usb_function_cdc.c
          endpoint_number   0x00012a       data     extern D:\Projects\UBW\FW\Microchip\USB\usb_device.c
               ep_data_in   0x00012c       data     extern D:\Projects\UBW\FW\Microchip\USB\usb_device.c
              ep_data_out   0x000130       data     extern D:\Projects\UBW\FW\Microchip\USB\usb_device.c
                  inPipes   0x000119       data     extern D:\Projects\UBW\FW\Microchip\USB\usb_device.c
                led_count   0x0000fe       data     static D:\Projects\UBW\FW\HelloUSBWorld\main.c
              line_coding   0x000588       data     extern D:\Projects\UBW\FW\Microchip\USB\CDC Device Driver\usb_function_cdc.c
                 outPipes   0x00011e       data     extern D:\Projects\UBW\FW\Microchip\USB\usb_device.c
   pBDTEntryEP0OutCurrent   0x000103       data     extern D:\Projects\UBW\FW\Microchip\USB\usb_device.c
      pBDTEntryEP0OutNext   0x000105       data     extern D:\Projects\UBW\FW\Microchip\USB\usb_device.c
              pBDTEntryIn   0x00010f       data     extern D:\Projects\UBW\FW\Microchip\USB\usb_device.c
             pBDTEntryOut   0x000107       data     extern D:\Projects\UBW\FW\Microchip\USB\usb_device.c
                  pCDCDst   0x0000e9       data     extern D:\Projects\UBW\FW\Microchip\USB\CDC Device Driver\usb_function_cdc.c
                  pCDCSrc   0x0000e7       data     extern D:\Projects\UBW\FW\Microchip\USB\CDC Device Driver\usb_function_cdc.c
                     pDst   0x000125       data     extern D:\Projects\UBW\FW\Microchip\USB\usb_device.c
                     prom   0x00013a       data     static C:\Program Files\Microchip\mplabc18\v3.37\src\traditional\startup\c018i.c
        shortPacketStatus   0x000117       data     extern D:\Projects\UBW\FW\Microchip\USB\usb_device.c
            stringPrinted   0x0000e0       data     extern D:\Projects\UBW\FW\HelloUSBWorld\main.c



                              Symbols - Sorted by Address
                     Name    Address   Location    Storage File                     
                ---------  ---------  ---------  --------- ---------                
                   _entry   0x000000    program     extern C:\Program Files\Microchip\mplabc18\v3.37\src\traditional\startup\c018i.c
       ___return_lbl00000   0x000004    program     static                          
                 High_ISR   0x000008    program     extern D:\Projects\UBW\FW\HelloUSBWorld\main.c
       ___return_lbl00003   0x00000c    program     static                          
                  Low_ISR   0x000018    program     extern D:\Projects\UBW\FW\HelloUSBWorld\main.c
       ___return_lbl00004   0x00001c    program     static                          
                   _reset   0x000800    program     extern D:\Projects\UBW\FW\HelloUSBWorld\main.c
       ___return_lbl00000   0x000804    program     static                          
        Remapped_High_ISR   0x000808    program     extern D:\Projects\UBW\FW\HelloUSBWorld\main.c
       ___return_lbl00001   0x00080c    program     static                          
         Remapped_Low_ISR   0x000818    program     extern D:\Projects\UBW\FW\HelloUSBWorld\main.c
       ___return_lbl00002   0x00081c    program     static                          
            USBDeviceInit   0x000838    program     extern D:\Projects\UBW\FW\Microchip\USB\usb_device.c
           USBDeviceTasks   0x000950    program     extern D:\Projects\UBW\FW\Microchip\USB\usb_device.c
          USBStallHandler   0x000aaa    program     static D:\Projects\UBW\FW\Microchip\USB\usb_device.c
               USBSuspend   0x000adc    program     static D:\Projects\UBW\FW\Microchip\USB\usb_device.c
       USBWakeFromSuspend   0x000b06    program     static D:\Projects\UBW\FW\Microchip\USB\usb_device.c
         USBCtrlEPService   0x000b34    program     static D:\Projects\UBW\FW\Microchip\USB\usb_device.c
   USBCtrlTrfSetupHandler   0x000c00    program     static D:\Projects\UBW\FW\Microchip\USB\usb_device.c
     USBCtrlTrfOutHandler   0x000c5e    program     static D:\Projects\UBW\FW\Microchip\USB\usb_device.c
      USBCtrlTrfInHandler   0x000caa    program     static D:\Projects\UBW\FW\Microchip\USB\usb_device.c
       USBCheckStdRequest   0x000d5e    program     static D:\Projects\UBW\FW\Microchip\USB\usb_device.c
  USBStdFeatureReqHandler   0x000e28    program     static D:\Projects\UBW\FW\Microchip\USB\usb_device.c
USBCtrlEPAllowStatusStage   0x00109a    program     extern D:\Projects\UBW\FW\Microchip\USB\usb_device.c
  USBCtrlEPAllowDataStage   0x00113c    program     extern D:\Projects\UBW\FW\Microchip\USB\usb_device.c
      USBStdGetDscHandler   0x0011bc    program     static D:\Projects\UBW\FW\Microchip\USB\usb_device.c
   USBStdGetStatusHandler   0x00127c    program     static D:\Projects\UBW\FW\Microchip\USB\usb_device.c
 USBCtrlEPServiceComplete   0x00133e    program     static D:\Projects\UBW\FW\Microchip\USB\usb_device.c
      USBCtrlTrfTxService   0x001400    program     static D:\Projects\UBW\FW\Microchip\USB\usb_device.c
      USBCtrlTrfRxService   0x0014c4    program     static D:\Projects\UBW\FW\Microchip\USB\usb_device.c
      USBStdSetCfgHandler   0x001604    program     static D:\Projects\UBW\FW\Microchip\USB\usb_device.c
     USBConfigureEndpoint   0x0016d8    program     static D:\Projects\UBW\FW\Microchip\USB\usb_device.c
        USBEnableEndpoint   0x001792    program     extern D:\Projects\UBW\FW\Microchip\USB\usb_device.c
         USBStallEndpoint   0x001800    program     extern D:\Projects\UBW\FW\Microchip\USB\usb_device.c
     USBTransferOnePacket   0x0018e0    program     extern D:\Projects\UBW\FW\Microchip\USB\usb_device.c
              USBCancelIO   0x0019e6    program     extern D:\Projects\UBW\FW\Microchip\USB\usb_device.c
          USBDeviceDetach   0x001a96    program     extern D:\Projects\UBW\FW\Microchip\USB\usb_device.c
          USBDeviceAttach   0x001aa2    program     extern D:\Projects\UBW\FW\Microchip\USB\usb_device.c
       USBCheckCDCRequest   0x001ad0    program     extern D:\Projects\UBW\FW\Microchip\USB\CDC Device Driver\usb_function_cdc.c
                CDCInitEP   0x001b72    program     extern D:\Projects\UBW\FW\Microchip\USB\CDC Device Driver\usb_function_cdc.c
             getsUSBUSART   0x001bda    program     extern D:\Projects\UBW\FW\Microchip\USB\CDC Device Driver\usb_function_cdc.c
              putUSBUSART   0x001c9c    program     extern D:\Projects\UBW\FW\Microchip\USB\CDC Device Driver\usb_function_cdc.c
             putsUSBUSART   0x001cce    program     extern D:\Projects\UBW\FW\Microchip\USB\CDC Device Driver\usb_function_cdc.c
            putrsUSBUSART   0x001d58    program     extern D:\Projects\UBW\FW\Microchip\USB\CDC Device Driver\usb_function_cdc.c
             CDCTxService   0x001de4    program     extern D:\Projects\UBW\FW\Microchip\USB\CDC Device Driver\usb_function_cdc.c
  YourHighPriorityISRCode   0x001f38    program     extern D:\Projects\UBW\FW\HelloUSBWorld\main.c
   YourLowPriorityISRCode   0x001fce    program     extern D:\Projects\UBW\FW\HelloUSBWorld\main.c
                     main   0x001ff4    program     extern D:\Projects\UBW\FW\HelloUSBWorld\main.c
         InitializeSystem   0x002000    program     static D:\Projects\UBW\FW\HelloUSBWorld\main.c
                 UserInit   0x00200a    program     extern D:\Projects\UBW\FW\HelloUSBWorld\main.c
                ProcessIO   0x00201e    program     extern D:\Projects\UBW\FW\HelloUSBWorld\main.c
           BlinkUSBStatus   0x002146    program     extern D:\Projects\UBW\FW\HelloUSBWorld\main.c
             USBCBSuspend   0x0021d2    program     extern D:\Projects\UBW\FW\HelloUSBWorld\main.c
     USBCBWakeFromSuspend   0x0021d4    program     extern D:\Projects\UBW\FW\HelloUSBWorld\main.c
        USBCB_SOF_Handler   0x0021d6    program     extern D:\Projects\UBW\FW\HelloUSBWorld\main.c
        USBCBErrorHandler   0x002206    program     extern D:\Projects\UBW\FW\HelloUSBWorld\main.c
       USBCBCheckOtherReq   0x002208    program     extern D:\Projects\UBW\FW\HelloUSBWorld\main.c
    USBCBStdSetDscHandler   0x00220c    program     extern D:\Projects\UBW\FW\HelloUSBWorld\main.c
              USBCBInitEP   0x00220e    program     extern D:\Projects\UBW\FW\HelloUSBWorld\main.c
          USBCBSendResume   0x002212    program     extern D:\Projects\UBW\FW\HelloUSBWorld\main.c
USER_USB_CALLBACK_EVENT_HANDLER   0x00222e    program     extern D:\Projects\UBW\FW\HelloUSBWorld\main.c
               __tmplbl_2   0x00224a    program     static                          
               __tmplbl_3   0x002256    program     static                          
               __tmplbl_4   0x002260    program     static                          
               __tmplbl_5   0x00226a    program     static                          
               __tmplbl_6   0x002274    program     static                          
               __tmplbl_7   0x00227e    program     static                          
               __tmplbl_8   0x002288    program     static                          
               __tmplbl_9   0x002292    program     static                          
       ___case_1_lbl00068   0x002296    program     static                          
       ___case_2_lbl00069   0x00229a    program     static                          
       ___case_3_lbl00070   0x00229e    program     static                          
     ___case_115_lbl00071   0x0022a2    program     static                          
     ___case_117_lbl00072   0x0022a6    program     static                          
     ___case_116_lbl00073   0x0022aa    program     static                          
   ___case_32767_lbl00074   0x0022ae    program     static                          
     ___case_114_lbl00075   0x0022b2    program     static                          
      ___default_lbl00076   0x0022b6    program     static                          
   ___switchexit_lbl00067   0x0022b8    program     static                          
       ___return_lbl00066   0x0022bc    program     static                          
               device_dsc   0x0022c4    program     extern D:\Projects\UBW\FW\HelloUSBWorld\usb_descriptors.c
        configDescriptor1   0x0022d6    program     extern D:\Projects\UBW\FW\HelloUSBWorld\usb_descriptors.c
                    sd000   0x002319    program     extern D:\Projects\UBW\FW\HelloUSBWorld\usb_descriptors.c
                    sd001   0x00231d    program     extern D:\Projects\UBW\FW\HelloUSBWorld\usb_descriptors.c
                    sd002   0x002351    program     extern D:\Projects\UBW\FW\HelloUSBWorld\usb_descriptors.c
               USB_CD_Ptr   0x002385    program     extern D:\Projects\UBW\FW\HelloUSBWorld\usb_descriptors.c
               USB_SD_Ptr   0x002387    program     extern D:\Projects\UBW\FW\HelloUSBWorld\usb_descriptors.c
                _do_cinit   0x00238e    program     extern C:\Program Files\Microchip\mplabc18\v3.37\src\traditional\startup\c018i.c
                     test   0x0023a8    program     static                          
                copy_loop   0x002400    program     static                          
            copy_one_byte   0x002406    program     static                          
             done_copying   0x002414    program     static                          
       ___return_lbl00002   0x00242a    program     static                          
                     done   0x00242a    program     static                          
                   memset   0x00242c    program     extern C:\Program Files\Microchip\mplabc18\v3.37\src\traditional\stdclib\memset.asm
                    jLoop   0x002440    program     static C:\Program Files\Microchip\mplabc18\v3.37\src\traditional\stdclib\memset.asm
              _2jContinue   0x00244c    program     static C:\Program Files\Microchip\mplabc18\v3.37\src\traditional\stdclib\memset.asm
                   _3jEnd   0x002456    program     static C:\Program Files\Microchip\mplabc18\v3.37\src\traditional\stdclib\memset.asm
                     jEnd   0x00245e    program     static C:\Program Files\Microchip\mplabc18\v3.37\src\traditional\stdclib\memset.asm
            __zero_memory   0x002460    program     extern C:\Program Files\Microchip\mplabc18\v3.37\src\traditional\proc\p18F2455.asm
               zero_block   0x00246e    program     static C:\Program Files\Microchip\mplabc18\v3.37\src\traditional\proc\p18F2455.asm
                   loop_h   0x00246e    program     static C:\Program Files\Microchip\mplabc18\v3.37\src\traditional\proc\p18F2455.asm
                compare_l   0x002476    program     static C:\Program Files\Microchip\mplabc18\v3.37\src\traditional\proc\p18F2455.asm
                   loop_l   0x002478    program     static C:\Program Files\Microchip\mplabc18\v3.37\src\traditional\proc\p18F2455.asm
                 _startup   0x002480    program     extern C:\Program Files\Microchip\mplabc18\v3.37\src\traditional\startup\c018i.c
                     loop   0x002490    program     static                          
       ___return_lbl00001   0x00249a    program     static                          
               __string_0   0x00249c    program     static D:\Projects\UBW\FW\HelloUSBWorld\main.c
                   __init   0x0024b2    program     extern C:\Program Files\Microchip\mplabc18\v3.37\src\traditional\stdclib\__init.c
                  __REMB3   0x000000       data     extern C:\Program Files\Microchip\mplabc18\v3.37\src\traditional\math\aarg.asm
                 __AARGB7   0x000000       data     extern C:\Program Files\Microchip\mplabc18\v3.37\src\traditional\math\aarg.asm
                  __REMB2   0x000001       data     extern C:\Program Files\Microchip\mplabc18\v3.37\src\traditional\math\aarg.asm
                 __AARGB6   0x000001       data     extern C:\Program Files\Microchip\mplabc18\v3.37\src\traditional\math\aarg.asm
                  __REMB1   0x000002       data     extern C:\Program Files\Microchip\mplabc18\v3.37\src\traditional\math\aarg.asm
                 __AARGB5   0x000002       data     extern C:\Program Files\Microchip\mplabc18\v3.37\src\traditional\math\aarg.asm
                  __REMB0   0x000003       data     extern C:\Program Files\Microchip\mplabc18\v3.37\src\traditional\math\aarg.asm
                 __AARGB4   0x000003       data     extern C:\Program Files\Microchip\mplabc18\v3.37\src\traditional\math\aarg.asm
                 __AARGB3   0x000004       data     extern C:\Program Files\Microchip\mplabc18\v3.37\src\traditional\math\aarg.asm
                 __AARGB2   0x000005       data     extern C:\Program Files\Microchip\mplabc18\v3.37\src\traditional\math\aarg.asm
                 __AARGB1   0x000006       data     extern C:\Program Files\Microchip\mplabc18\v3.37\src\traditional\math\aarg.asm
                 __AARGB0   0x000007       data     extern C:\Program Files\Microchip\mplabc18\v3.37\src\traditional\math\aarg.asm
                   __AEXP   0x000008       data     extern C:\Program Files\Microchip\mplabc18\v3.37\src\traditional\math\aarg.asm
                     SIGN   0x000009       data     extern C:\Program Files\Microchip\mplabc18\v3.37\src\traditional\math\cmath18.asm
            __FPFLAGSbits   0x00000a       data     extern C:\Program Files\Microchip\mplabc18\v3.37\src\traditional\math\cmath18.asm
                __FPFLAGS   0x00000a       data     extern C:\Program Files\Microchip\mplabc18\v3.37\src\traditional\math\cmath18.asm
                  __tmp_0   0x00000b       data     static D:\Projects\UBW\FW\Microchip\USB\CDC Device Driver\usb_function_cdc.c
                  __tmp_0   0x00000b       data     static D:\Projects\UBW\FW\Microchip\USB\usb_device.c
            USB_In_Buffer   0x000060       data     extern D:\Projects\UBW\FW\HelloUSBWorld\main.c
           USB_Out_Buffer   0x0000a0       data     extern D:\Projects\UBW\FW\HelloUSBWorld\main.c
            stringPrinted   0x0000e0       data     extern D:\Projects\UBW\FW\HelloUSBWorld\main.c
            buttonPressed   0x0000e1       data     extern D:\Projects\UBW\FW\HelloUSBWorld\main.c
              buttonCount   0x0000e2       data     extern D:\Projects\UBW\FW\HelloUSBWorld\main.c
              delay_count   0x0000e3       data     static D:\Projects\UBW\FW\HelloUSBWorld\main.c
               cdc_rx_len   0x0000e5       data     extern D:\Projects\UBW\FW\Microchip\USB\CDC Device Driver\usb_function_cdc.c
            cdc_trf_state   0x0000e6       data     extern D:\Projects\UBW\FW\Microchip\USB\CDC Device Driver\usb_function_cdc.c
                  pCDCSrc   0x0000e7       data     extern D:\Projects\UBW\FW\Microchip\USB\CDC Device Driver\usb_function_cdc.c
                  pCDCDst   0x0000e9       data     extern D:\Projects\UBW\FW\Microchip\USB\CDC Device Driver\usb_function_cdc.c
               cdc_tx_len   0x0000eb       data     extern D:\Projects\UBW\FW\Microchip\USB\CDC Device Driver\usb_function_cdc.c
             cdc_mem_type   0x0000ec       data     extern D:\Projects\UBW\FW\Microchip\USB\CDC Device Driver\usb_function_cdc.c
         CDCDataOutHandle   0x0000ed       data     extern D:\Projects\UBW\FW\Microchip\USB\CDC Device Driver\usb_function_cdc.c
          CDCDataInHandle   0x0000ef       data     extern D:\Projects\UBW\FW\Microchip\USB\CDC Device Driver\usb_function_cdc.c
    control_signal_bitmap   0x0000f1       data     extern D:\Projects\UBW\FW\Microchip\USB\CDC Device Driver\usb_function_cdc.c
              BaudRateGen   0x0000f2       data     extern D:\Projects\UBW\FW\Microchip\USB\CDC Device Driver\usb_function_cdc.c
dummy_encapsulated_cmd_response   0x0000f6       data     extern D:\Projects\UBW\FW\Microchip\USB\CDC Device Driver\usb_function_cdc.c
                led_count   0x0000fe       data     static D:\Projects\UBW\FW\HelloUSBWorld\main.c
           USBDeviceState   0x000100       data     extern D:\Projects\UBW\FW\Microchip\USB\usb_device.c
   USBActiveConfiguration   0x000101       data     extern D:\Projects\UBW\FW\Microchip\USB\usb_device.c
    USBAlternateInterface   0x000102       data     extern D:\Projects\UBW\FW\Microchip\USB\usb_device.c
   pBDTEntryEP0OutCurrent   0x000103       data     extern D:\Projects\UBW\FW\Microchip\USB\usb_device.c
      pBDTEntryEP0OutNext   0x000105       data     extern D:\Projects\UBW\FW\Microchip\USB\usb_device.c
             pBDTEntryOut   0x000107       data     extern D:\Projects\UBW\FW\Microchip\USB\usb_device.c
              pBDTEntryIn   0x00010f       data     extern D:\Projects\UBW\FW\Microchip\USB\usb_device.c
        shortPacketStatus   0x000117       data     extern D:\Projects\UBW\FW\Microchip\USB\usb_device.c
     controlTransferState   0x000118       data     extern D:\Projects\UBW\FW\Microchip\USB\usb_device.c
                  inPipes   0x000119       data     extern D:\Projects\UBW\FW\Microchip\USB\usb_device.c
                 outPipes   0x00011e       data     extern D:\Projects\UBW\FW\Microchip\USB\usb_device.c
                     pDst   0x000125       data     extern D:\Projects\UBW\FW\Microchip\USB\usb_device.c
             RemoteWakeup   0x000127       data     extern D:\Projects\UBW\FW\Microchip\USB\usb_device.c
        USBBusIsSuspended   0x000128       data     extern D:\Projects\UBW\FW\Microchip\USB\usb_device.c
                USTATcopy   0x000129       data     extern D:\Projects\UBW\FW\Microchip\USB\usb_device.c
          endpoint_number   0x00012a       data     extern D:\Projects\UBW\FW\Microchip\USB\usb_device.c
       BothEP0OutUOWNsSet   0x00012b       data     extern D:\Projects\UBW\FW\Microchip\USB\usb_device.c
               ep_data_in   0x00012c       data     extern D:\Projects\UBW\FW\Microchip\USB\usb_device.c
              ep_data_out   0x000130       data     extern D:\Projects\UBW\FW\Microchip\USB\usb_device.c
USBStatusStageTimeoutCounter   0x000134       data     extern D:\Projects\UBW\FW\Microchip\USB\usb_device.c
USBDeferStatusStagePacket   0x000135       data     extern D:\Projects\UBW\FW\Microchip\USB\usb_device.c
USBStatusStageEnabledFlag1   0x000136       data     extern D:\Projects\UBW\FW\Microchip\USB\usb_device.c
USBStatusStageEnabledFlag2   0x000137       data     extern D:\Projects\UBW\FW\Microchip\USB\usb_device.c
USBDeferINDataStagePackets   0x000138       data     extern D:\Projects\UBW\FW\Microchip\USB\usb_device.c
USBDeferOUTDataStagePackets   0x000139       data     extern D:\Projects\UBW\FW\Microchip\USB\usb_device.c
                     prom   0x00013a       data     static C:\Program Files\Microchip\mplabc18\v3.37\src\traditional\startup\c018i.c
                curr_byte   0x00013d       data     static C:\Program Files\Microchip\mplabc18\v3.37\src\traditional\startup\c018i.c
               curr_entry   0x00013f       data     static C:\Program Files\Microchip\mplabc18\v3.37\src\traditional\startup\c018i.c
                 data_ptr   0x000141       data     static C:\Program Files\Microchip\mplabc18\v3.37\src\traditional\startup\c018i.c
                      BDT   0x000400       data     extern D:\Projects\UBW\FW\Microchip\USB\usb_device.c
                 SetupPkt   0x000440       data     extern D:\Projects\UBW\FW\Microchip\USB\usb_device.c
              CtrlTrfData   0x000448       data     extern D:\Projects\UBW\FW\Microchip\USB\usb_device.c
               cdc_notice   0x000500       data     extern D:\Projects\UBW\FW\Microchip\USB\CDC Device Driver\usb_function_cdc.c
              cdc_data_rx   0x000508       data     extern D:\Projects\UBW\FW\Microchip\USB\CDC Device Driver\usb_function_cdc.c
              cdc_data_tx   0x000548       data     extern D:\Projects\UBW\FW\Microchip\USB\CDC Device Driver\usb_function_cdc.c
              line_coding   0x000588       data     extern D:\Projects\UBW\FW\Microchip\USB\CDC Device Driver\usb_function_cdc.c
                UFRMLbits   0x000f66       data     extern C:\Program Files\Microchip\mplabc18\v3.37\src\traditional\proc\p18F2455.asm
                    UFRML   0x000f66       data     extern C:\Program Files\Microchip\mplabc18\v3.37\src\traditional\proc\p18F2455.asm
                     UFRM   0x000f66       data     extern C:\Program Files\Microchip\mplabc18\v3.37\src\traditional\proc\p18F2455.asm
                UFRMHbits   0x000f67       data     extern C:\Program Files\Microchip\mplabc18\v3.37\src\traditional\proc\p18F2455.asm
                    UFRMH   0x000f67       data     extern C:\Program Files\Microchip\mplabc18\v3.37\src\traditional\proc\p18F2455.asm
                      UIR   0x000f68       data     extern C:\Program Files\Microchip\mplabc18\v3.37\src\traditional\proc\p18F2455.asm
                  UIRbits   0x000f68       data     extern C:\Program Files\Microchip\mplabc18\v3.37\src\traditional\proc\p18F2455.asm
                  UIEbits   0x000f69       data     extern C:\Program Files\Microchip\mplabc18\v3.37\src\traditional\proc\p18F2455.asm
                      UIE   0x000f69       data     extern C:\Program Files\Microchip\mplabc18\v3.37\src\traditional\proc\p18F2455.asm
                     UEIR   0x000f6a       data     extern C:\Program Files\Microchip\mplabc18\v3.37\src\traditional\proc\p18F2455.asm
                 UEIRbits   0x000f6a       data     extern C:\Program Files\Microchip\mplabc18\v3.37\src\traditional\proc\p18F2455.asm
                 UEIEbits   0x000f6b       data     extern C:\Program Files\Microchip\mplabc18\v3.37\src\traditional\proc\p18F2455.asm
                     UEIE   0x000f6b       data     extern C:\Program Files\Microchip\mplabc18\v3.37\src\traditional\proc\p18F2455.asm
                USTATbits   0x000f6c       data     extern C:\Program Files\Microchip\mplabc18\v3.37\src\traditional\proc\p18F2455.asm
                    USTAT   0x000f6c       data     extern C:\Program Files\Microchip\mplabc18\v3.37\src\traditional\proc\p18F2455.asm
                 UCONbits   0x000f6d       data     extern C:\Program Files\Microchip\mplabc18\v3.37\src\traditional\proc\p18F2455.asm
                     UCON   0x000f6d       data     extern C:\Program Files\Microchip\mplabc18\v3.37\src\traditional\proc\p18F2455.asm
                UADDRbits   0x000f6e       data     extern C:\Program Files\Microchip\mplabc18\v3.37\src\traditional\proc\p18F2455.asm
                    UADDR   0x000f6e       data     extern C:\Program Files\Microchip\mplabc18\v3.37\src\traditional\proc\p18F2455.asm
                 UCFGbits   0x000f6f       data     extern C:\Program Files\Microchip\mplabc18\v3.37\src\traditional\proc\p18F2455.asm
                     UCFG   0x000f6f       data     extern C:\Program Files\Microchip\mplabc18\v3.37\src\traditional\proc\p18F2455.asm
                 UEP0bits   0x000f70       data     extern C:\Program Files\Microchip\mplabc18\v3.37\src\traditional\proc\p18F2455.asm
                     UEP0   0x000f70       data     extern C:\Program Files\Microchip\mplabc18\v3.37\src\traditional\proc\p18F2455.asm
                 UEP1bits   0x000f71       data     extern C:\Program Files\Microchip\mplabc18\v3.37\src\traditional\proc\p18F2455.asm
                     UEP1   0x000f71       data     extern C:\Program Files\Microchip\mplabc18\v3.37\src\traditional\proc\p18F2455.asm
                     UEP2   0x000f72       data     extern C:\Program Files\Microchip\mplabc18\v3.37\src\traditional\proc\p18F2455.asm
                 UEP2bits   0x000f72       data     extern C:\Program Files\Microchip\mplabc18\v3.37\src\traditional\proc\p18F2455.asm
                     UEP3   0x000f73       data     extern C:\Program Files\Microchip\mplabc18\v3.37\src\traditional\proc\p18F2455.asm
                 UEP3bits   0x000f73       data     extern C:\Program Files\Microchip\mplabc18\v3.37\src\traditional\proc\p18F2455.asm
                     UEP4   0x000f74       data     extern C:\Program Files\Microchip\mplabc18\v3.37\src\traditional\proc\p18F2455.asm
                 UEP4bits   0x000f74       data     extern C:\Program Files\Microchip\mplabc18\v3.37\src\traditional\proc\p18F2455.asm
                     UEP5   0x000f75       data     extern C:\Program Files\Microchip\mplabc18\v3.37\src\traditional\proc\p18F2455.asm
                 UEP5bits   0x000f75       data     extern C:\Program Files\Microchip\mplabc18\v3.37\src\traditional\proc\p18F2455.asm
                 UEP6bits   0x000f76       data     extern C:\Program Files\Microchip\mplabc18\v3.37\src\traditional\proc\p18F2455.asm
                     UEP6   0x000f76       data     extern C:\Program Files\Microchip\mplabc18\v3.37\src\traditional\proc\p18F2455.asm
                 UEP7bits   0x000f77       data     extern C:\Program Files\Microchip\mplabc18\v3.37\src\traditional\proc\p18F2455.asm
                     UEP7   0x000f77       data     extern C:\Program Files\Microchip\mplabc18\v3.37\src\traditional\proc\p18F2455.asm
[...]
              OSCTUNEbits   0x000f9b       data     extern C:\Program Files\Microchip\mplabc18\v3.37\src\traditional\proc\p18F2455.asm
                  OSCTUNE   0x000f9b       data     extern C:\Program Files\Microchip\mplabc18\v3.37\src\traditional\proc\p18F2455.asm
                 PIE1bits   0x000f9d       data     extern C:\Program Files\Microchip\mplabc18\v3.37\src\traditional\proc\p18F2455.asm
                     PIE1   0x000f9d       data     extern C:\Program Files\Microchip\mplabc18\v3.37\src\traditional\proc\p18F2455.asm
                 PIR1bits   0x000f9e       data     extern C:\Program Files\Microchip\mplabc18\v3.37\src\traditional\proc\p18F2455.asm
                     PIR1   0x000f9e       data     extern C:\Program Files\Microchip\mplabc18\v3.37\src\traditional\proc\p18F2455.asm
                     IPR1   0x000f9f       data     extern C:\Program Files\Microchip\mplabc18\v3.37\src\traditional\proc\p18F2455.asm
                 IPR1bits   0x000f9f       data     extern C:\Program Files\Microchip\mplabc18\v3.37\src\traditional\proc\p18F2455.asm
                 PIE2bits   0x000fa0       data     extern C:\Program Files\Microchip\mplabc18\v3.37\src\traditional\proc\p18F2455.asm
                     PIE2   0x000fa0       data     extern C:\Program Files\Microchip\mplabc18\v3.37\src\traditional\proc\p18F2455.asm
                 PIR2bits   0x000fa1       data     extern C:\Program Files\Microchip\mplabc18\v3.37\src\traditional\proc\p18F2455.asm
                     PIR2   0x000fa1       data     extern C:\Program Files\Microchip\mplabc18\v3.37\src\traditional\proc\p18F2455.asm
                     IPR2   0x000fa2       data     extern C:\Program Files\Microchip\mplabc18\v3.37\src\traditional\proc\p18F2455.asm
                 IPR2bits   0x000fa2       data     extern C:\Program Files\Microchip\mplabc18\v3.37\src\traditional\proc\p18F2455.asm
               EECON1bits   0x000fa6       data     extern C:\Program Files\Microchip\mplabc18\v3.37\src\traditional\proc\p18F2455.asm
                   EECON1   0x000fa6       data     extern C:\Program Files\Microchip\mplabc18\v3.37\src\traditional\proc\p18F2455.asm
                   EECON2   0x000fa7       data     extern C:\Program Files\Microchip\mplabc18\v3.37\src\traditional\proc\p18F2455.asm
                   EEDATA   0x000fa8       data     extern C:\Program Files\Microchip\mplabc18\v3.37\src\traditional\proc\p18F2455.asm
                    EEADR   0x000fa9       data     extern C:\Program Files\Microchip\mplabc18\v3.37\src\traditional\proc\p18F2455.asm
                RCSTAbits   0x000fab       data     extern C:\Program Files\Microchip\mplabc18\v3.37\src\traditional\proc\p18F2455.asm
                    RCSTA   0x000fab       data     extern C:\Program Files\Microchip\mplabc18\v3.37\src\traditional\proc\p18F2455.asm
                    TXSTA   0x000fac       data     extern C:\Program Files\Microchip\mplabc18\v3.37\src\traditional\proc\p18F2455.asm
                TXSTAbits   0x000fac       data     extern C:\Program Files\Microchip\mplabc18\v3.37\src\traditional\proc\p18F2455.asm
                    TXREG   0x000fad       data     extern C:\Program Files\Microchip\mplabc18\v3.37\src\traditional\proc\p18F2455.asm
                    RCREG   0x000fae       data     extern C:\Program Files\Microchip\mplabc18\v3.37\src\traditional\proc\p18F2455.asm
                    SPBRG   0x000faf       data     extern C:\Program Files\Microchip\mplabc18\v3.37\src\traditional\proc\p18F2455.asm
                   SPBRGH   0x000fb0       data     extern C:\Program Files\Microchip\mplabc18\v3.37\src\traditional\proc\p18F2455.asm
                T3CONbits   0x000fb1       data     extern C:\Program Files\Microchip\mplabc18\v3.37\src\traditional\proc\p18F2455.asm
                    T3CON   0x000fb1       data     extern C:\Program Files\Microchip\mplabc18\v3.37\src\traditional\proc\p18F2455.asm
                    TMR3L   0x000fb2       data     extern C:\Program Files\Microchip\mplabc18\v3.37\src\traditional\proc\p18F2455.asm
                    TMR3H   0x000fb3       data     extern C:\Program Files\Microchip\mplabc18\v3.37\src\traditional\proc\p18F2455.asm
                CMCONbits   0x000fb4       data     extern C:\Program Files\Microchip\mplabc18\v3.37\src\traditional\proc\p18F2455.asm
                    CMCON   0x000fb4       data     extern C:\Program Files\Microchip\mplabc18\v3.37\src\traditional\proc\p18F2455.asm
               CVRCONbits   0x000fb5       data     extern C:\Program Files\Microchip\mplabc18\v3.37\src\traditional\proc\p18F2455.asm
                   CVRCON   0x000fb5       data     extern C:\Program Files\Microchip\mplabc18\v3.37\src\traditional\proc\p18F2455.asm
              ECCP1ASbits   0x000fb6       data     extern C:\Program Files\Microchip\mplabc18\v3.37\src\traditional\proc\p18F2455.asm
                  ECCP1AS   0x000fb6       data     extern C:\Program Files\Microchip\mplabc18\v3.37\src\traditional\proc\p18F2455.asm
               CCP1ASbits   0x000fb6       data     extern C:\Program Files\Microchip\mplabc18\v3.37\src\traditional\proc\p18F2455.asm
                   CCP1AS   0x000fb6       data     extern C:\Program Files\Microchip\mplabc18\v3.37\src\traditional\proc\p18F2455.asm
             ECCP1DELbits   0x000fb7       data     extern C:\Program Files\Microchip\mplabc18\v3.37\src\traditional\proc\p18F2455.asm
                 ECCP1DEL   0x000fb7       data     extern C:\Program Files\Microchip\mplabc18\v3.37\src\traditional\proc\p18F2455.asm
              CCP1DELbits   0x000fb7       data     extern C:\Program Files\Microchip\mplabc18\v3.37\src\traditional\proc\p18F2455.asm
                  CCP1DEL   0x000fb7       data     extern C:\Program Files\Microchip\mplabc18\v3.37\src\traditional\proc\p18F2455.asm
              BAUDCTLbits   0x000fb8       data     extern C:\Program Files\Microchip\mplabc18\v3.37\src\traditional\proc\p18F2455.asm
                  BAUDCTL   0x000fb8       data     extern C:\Program Files\Microchip\mplabc18\v3.37\src\traditional\proc\p18F2455.asm
                  BAUDCON   0x000fb8       data     extern C:\Program Files\Microchip\mplabc18\v3.37\src\traditional\proc\p18F2455.asm
              BAUDCONbits   0x000fb8       data     extern C:\Program Files\Microchip\mplabc18\v3.37\src\traditional\proc\p18F2455.asm
                  CCP2CON   0x000fba       data     extern C:\Program Files\Microchip\mplabc18\v3.37\src\traditional\proc\p18F2455.asm
              CCP2CONbits   0x000fba       data     extern C:\Program Files\Microchip\mplabc18\v3.37\src\traditional\proc\p18F2455.asm
                    CCPR2   0x000fbb       data     extern C:\Program Files\Microchip\mplabc18\v3.37\src\traditional\proc\p18F2455.asm
                   CCPR2L   0x000fbb       data     extern C:\Program Files\Microchip\mplabc18\v3.37\src\traditional\proc\p18F2455.asm
                   CCPR2H   0x000fbc       data     extern C:\Program Files\Microchip\mplabc18\v3.37\src\traditional\proc\p18F2455.asm
                  CCP1CON   0x000fbd       data     extern C:\Program Files\Microchip\mplabc18\v3.37\src\traditional\proc\p18F2455.asm
              CCP1CONbits   0x000fbd       data     extern C:\Program Files\Microchip\mplabc18\v3.37\src\traditional\proc\p18F2455.asm
                    CCPR1   0x000fbe       data     extern C:\Program Files\Microchip\mplabc18\v3.37\src\traditional\proc\p18F2455.asm
                   CCPR1L   0x000fbe       data     extern C:\Program Files\Microchip\mplabc18\v3.37\src\traditional\proc\p18F2455.asm
                   CCPR1H   0x000fbf       data     extern C:\Program Files\Microchip\mplabc18\v3.37\src\traditional\proc\p18F2455.asm
               ADCON2bits   0x000fc0       data     extern C:\Program Files\Microchip\mplabc18\v3.37\src\traditional\proc\p18F2455.asm
                   ADCON2   0x000fc0       data     extern C:\Program Files\Microchip\mplabc18\v3.37\src\traditional\proc\p18F2455.asm
               ADCON1bits   0x000fc1       data     extern C:\Program Files\Microchip\mplabc18\v3.37\src\traditional\proc\p18F2455.asm
                   ADCON1   0x000fc1       data     extern C:\Program Files\Microchip\mplabc18\v3.37\src\traditional\proc\p18F2455.asm
                   ADCON0   0x000fc2       data     extern C:\Program Files\Microchip\mplabc18\v3.37\src\traditional\proc\p18F2455.asm
               ADCON0bits   0x000fc2       data     extern C:\Program Files\Microchip\mplabc18\v3.37\src\traditional\proc\p18F2455.asm
                    ADRES   0x000fc3       data     extern C:\Program Files\Microchip\mplabc18\v3.37\src\traditional\proc\p18F2455.asm
                   ADRESL   0x000fc3       data     extern C:\Program Files\Microchip\mplabc18\v3.37\src\traditional\proc\p18F2455.asm
                   ADRESH   0x000fc4       data     extern C:\Program Files\Microchip\mplabc18\v3.37\src\traditional\proc\p18F2455.asm
                  SSPCON2   0x000fc5       data     extern C:\Program Files\Microchip\mplabc18\v3.37\src\traditional\proc\p18F2455.asm
              SSPCON2bits   0x000fc5       data     extern C:\Program Files\Microchip\mplabc18\v3.37\src\traditional\proc\p18F2455.asm
                  SSPCON1   0x000fc6       data     extern C:\Program Files\Microchip\mplabc18\v3.37\src\traditional\proc\p18F2455.asm
              SSPCON1bits   0x000fc6       data     extern C:\Program Files\Microchip\mplabc18\v3.37\src\traditional\proc\p18F2455.asm
                  SSPSTAT   0x000fc7       data     extern C:\Program Files\Microchip\mplabc18\v3.37\src\traditional\proc\p18F2455.asm
              SSPSTATbits   0x000fc7       data     extern C:\Program Files\Microchip\mplabc18\v3.37\src\traditional\proc\p18F2455.asm
                   SSPADD   0x000fc8       data     extern C:\Program Files\Microchip\mplabc18\v3.37\src\traditional\proc\p18F2455.asm
                   SSPBUF   0x000fc9       data     extern C:\Program Files\Microchip\mplabc18\v3.37\src\traditional\proc\p18F2455.asm
                T2CONbits   0x000fca       data     extern C:\Program Files\Microchip\mplabc18\v3.37\src\traditional\proc\p18F2455.asm
                    T2CON   0x000fca       data     extern C:\Program Files\Microchip\mplabc18\v3.37\src\traditional\proc\p18F2455.asm
                      PR2   0x000fcb       data     extern C:\Program Files\Microchip\mplabc18\v3.37\src\traditional\proc\p18F2455.asm
                     TMR2   0x000fcc       data     extern C:\Program Files\Microchip\mplabc18\v3.37\src\traditional\proc\p18F2455.asm
                T1CONbits   0x000fcd       data     extern C:\Program Files\Microchip\mplabc18\v3.37\src\traditional\proc\p18F2455.asm
                    T1CON   0x000fcd       data     extern C:\Program Files\Microchip\mplabc18\v3.37\src\traditional\proc\p18F2455.asm
                    TMR1L   0x000fce       data     extern C:\Program Files\Microchip\mplabc18\v3.37\src\traditional\proc\p18F2455.asm
                    TMR1H   0x000fcf       data     extern C:\Program Files\Microchip\mplabc18\v3.37\src\traditional\proc\p18F2455.asm
                     RCON   0x000fd0       data     extern C:\Program Files\Microchip\mplabc18\v3.37\src\traditional\proc\p18F2455.asm
                 RCONbits   0x000fd0       data     extern C:\Program Files\Microchip\mplabc18\v3.37\src\traditional\proc\p18F2455.asm
                   WDTCON   0x000fd1       data     extern C:\Program Files\Microchip\mplabc18\v3.37\src\traditional\proc\p18F2455.asm
               WDTCONbits   0x000fd1       data     extern C:\Program Files\Microchip\mplabc18\v3.37\src\traditional\proc\p18F2455.asm
               LVDCONbits   0x000fd2       data     extern C:\Program Files\Microchip\mplabc18\v3.37\src\traditional\proc\p18F2455.asm
                   LVDCON   0x000fd2       data     extern C:\Program Files\Microchip\mplabc18\v3.37\src\traditional\proc\p18F2455.asm
              HLVDCONbits   0x000fd2       data     extern C:\Program Files\Microchip\mplabc18\v3.37\src\traditional\proc\p18F2455.asm
                  HLVDCON   0x000fd2       data     extern C:\Program Files\Microchip\mplabc18\v3.37\src\traditional\proc\p18F2455.asm
               OSCCONbits   0x000fd3       data     extern C:\Program Files\Microchip\mplabc18\v3.37\src\traditional\proc\p18F2455.asm
                   OSCCON   0x000fd3       data     extern C:\Program Files\Microchip\mplabc18\v3.37\src\traditional\proc\p18F2455.asm
                T0CONbits   0x000fd5       data     extern C:\Program Files\Microchip\mplabc18\v3.37\src\traditional\proc\p18F2455.asm
                    T0CON   0x000fd5       data     extern C:\Program Files\Microchip\mplabc18\v3.37\src\traditional\proc\p18F2455.asm
                    TMR0L   0x000fd6       data     extern C:\Program Files\Microchip\mplabc18\v3.37\src\traditional\proc\p18F2455.asm
                    TMR0H   0x000fd7       data     extern C:\Program Files\Microchip\mplabc18\v3.37\src\traditional\proc\p18F2455.asm
                   STATUS   0x000fd8       data     extern C:\Program Files\Microchip\mplabc18\v3.37\src\traditional\proc\p18F2455.asm
               STATUSbits   0x000fd8       data     extern C:\Program Files\Microchip\mplabc18\v3.37\src\traditional\proc\p18F2455.asm
                    FSR2L   0x000fd9       data     extern C:\Program Files\Microchip\mplabc18\v3.37\src\traditional\proc\p18F2455.asm
                     FSR2   0x000fd9       data     extern C:\Program Files\Microchip\mplabc18\v3.37\src\traditional\proc\p18F2455.asm
                    FSR2H   0x000fda       data     extern C:\Program Files\Microchip\mplabc18\v3.37\src\traditional\proc\p18F2455.asm
                   PLUSW2   0x000fdb       data     extern C:\Program Files\Microchip\mplabc18\v3.37\src\traditional\proc\p18F2455.asm
                  PREINC2   0x000fdc       data     extern C:\Program Files\Microchip\mplabc18\v3.37\src\traditional\proc\p18F2455.asm
                 POSTDEC2   0x000fdd       data     extern C:\Program Files\Microchip\mplabc18\v3.37\src\traditional\proc\p18F2455.asm
                 POSTINC2   0x000fde       data     extern C:\Program Files\Microchip\mplabc18\v3.37\src\traditional\proc\p18F2455.asm
                    INDF2   0x000fdf       data     extern C:\Program Files\Microchip\mplabc18\v3.37\src\traditional\proc\p18F2455.asm
                      BSR   0x000fe0       data     extern C:\Program Files\Microchip\mplabc18\v3.37\src\traditional\proc\p18F2455.asm
                    FSR1L   0x000fe1       data     extern C:\Program Files\Microchip\mplabc18\v3.37\src\traditional\proc\p18F2455.asm
                     FSR1   0x000fe1       data     extern C:\Program Files\Microchip\mplabc18\v3.37\src\traditional\proc\p18F2455.asm
                    FSR1H   0x000fe2       data     extern C:\Program Files\Microchip\mplabc18\v3.37\src\traditional\proc\p18F2455.asm
                   PLUSW1   0x000fe3       data     extern C:\Program Files\Microchip\mplabc18\v3.37\src\traditional\proc\p18F2455.asm
                  PREINC1   0x000fe4       data     extern C:\Program Files\Microchip\mplabc18\v3.37\src\traditional\proc\p18F2455.asm
                 POSTDEC1   0x000fe5       data     extern C:\Program Files\Microchip\mplabc18\v3.37\src\traditional\proc\p18F2455.asm
                 POSTINC1   0x000fe6       data     extern C:\Program Files\Microchip\mplabc18\v3.37\src\traditional\proc\p18F2455.asm
                    INDF1   0x000fe7       data     extern C:\Program Files\Microchip\mplabc18\v3.37\src\traditional\proc\p18F2455.asm
                     WREG   0x000fe8       data     extern C:\Program Files\Microchip\mplabc18\v3.37\src\traditional\proc\p18F2455.asm
                     FSR0   0x000fe9       data     extern C:\Program Files\Microchip\mplabc18\v3.37\src\traditional\proc\p18F2455.asm
                    FSR0L   0x000fe9       data     extern C:\Program Files\Microchip\mplabc18\v3.37\src\traditional\proc\p18F2455.asm
                    FSR0H   0x000fea       data     extern C:\Program Files\Microchip\mplabc18\v3.37\src\traditional\proc\p18F2455.asm
                   PLUSW0   0x000feb       data     extern C:\Program Files\Microchip\mplabc18\v3.37\src\traditional\proc\p18F2455.asm
                  PREINC0   0x000fec       data     extern C:\Program Files\Microchip\mplabc18\v3.37\src\traditional\proc\p18F2455.asm
                 POSTDEC0   0x000fed       data     extern C:\Program Files\Microchip\mplabc18\v3.37\src\traditional\proc\p18F2455.asm
                 POSTINC0   0x000fee       data     extern C:\Program Files\Microchip\mplabc18\v3.37\src\traditional\proc\p18F2455.asm
                    INDF0   0x000fef       data     extern C:\Program Files\Microchip\mplabc18\v3.37\src\traditional\proc\p18F2455.asm
              INTCON3bits   0x000ff0       data     extern C:\Program Files\Microchip\mplabc18\v3.37\src\traditional\proc\p18F2455.asm
                  INTCON3   0x000ff0       data     extern C:\Program Files\Microchip\mplabc18\v3.37\src\traditional\proc\p18F2455.asm
              INTCON2bits   0x000ff1       data     extern C:\Program Files\Microchip\mplabc18\v3.37\src\traditional\proc\p18F2455.asm
                  INTCON2   0x000ff1       data     extern C:\Program Files\Microchip\mplabc18\v3.37\src\traditional\proc\p18F2455.asm
               INTCONbits   0x000ff2       data     extern C:\Program Files\Microchip\mplabc18\v3.37\src\traditional\proc\p18F2455.asm
                   INTCON   0x000ff2       data     extern C:\Program Files\Microchip\mplabc18\v3.37\src\traditional\proc\p18F2455.asm
                     PROD   0x000ff3       data     extern C:\Program Files\Microchip\mplabc18\v3.37\src\traditional\proc\p18F2455.asm
                    PRODL   0x000ff3       data     extern C:\Program Files\Microchip\mplabc18\v3.37\src\traditional\proc\p18F2455.asm
                    PRODH   0x000ff4       data     extern C:\Program Files\Microchip\mplabc18\v3.37\src\traditional\proc\p18F2455.asm
                   TABLAT   0x000ff5       data     extern C:\Program Files\Microchip\mplabc18\v3.37\src\traditional\proc\p18F2455.asm
                   TBLPTR   0x000ff6       data     extern C:\Program Files\Microchip\mplabc18\v3.37\src\traditional\proc\p18F2455.asm
                  TBLPTRL   0x000ff6       data     extern C:\Program Files\Microchip\mplabc18\v3.37\src\traditional\proc\p18F2455.asm
                  TBLPTRH   0x000ff7       data     extern C:\Program Files\Microchip\mplabc18\v3.37\src\traditional\proc\p18F2455.asm
                  TBLPTRU   0x000ff8       data     extern C:\Program Files\Microchip\mplabc18\v3.37\src\traditional\proc\p18F2455.asm
                      PCL   0x000ff9       data     extern C:\Program Files\Microchip\mplabc18\v3.37\src\traditional\proc\p18F2455.asm
                       PC   0x000ff9       data     extern C:\Program Files\Microchip\mplabc18\v3.37\src\traditional\proc\p18F2455.asm
                   PCLATH   0x000ffa       data     extern C:\Program Files\Microchip\mplabc18\v3.37\src\traditional\proc\p18F2455.asm
                   PCLATU   0x000ffb       data     extern C:\Program Files\Microchip\mplabc18\v3.37\src\traditional\proc\p18F2455.asm
                   STKPTR   0x000ffc       data     extern C:\Program Files\Microchip\mplabc18\v3.37\src\traditional\proc\p18F2455.asm
               STKPTRbits   0x000ffc       data     extern C:\Program Files\Microchip\mplabc18\v3.37\src\traditional\proc\p18F2455.asm
                      TOS   0x000ffd       data     extern C:\Program Files\Microchip\mplabc18\v3.37\src\traditional\proc\p18F2455.asm
                     TOSL   0x000ffd       data     extern C:\Program Files\Microchip\mplabc18\v3.37\src\traditional\proc\p18F2455.asm
                     TOSH   0x000ffe       data     extern C:\Program Files\Microchip\mplabc18\v3.37\src\traditional\proc\p18F2455.asm
                     TOSU   0x000fff       data     extern C:\Program Files\Microchip\mplabc18\v3.37\src\traditional\proc\p18F2455.asm


